******************************************************************************
             TMS320C2000 Linker PC v18.12.2                    
******************************************************************************
>> Linked Thu Sep  1 16:49:38 2022

OUTPUT FILE NAME:   <../Openloop_voltage_control.out>
ENTRY POINT SYMBOL: "_c_int00"  address: 003f147f


MEMORY CONFIGURATION

         name            origin    length      used     unused   attr    fill
----------------------  --------  ---------  --------  --------  ----  --------
PAGE 0:
  BEGINRAM              00000000   00000002  00000000  00000002  RWIX
  PRAML0                00008000   00001000  000000a7  00000f59  RWIX
  OTP                   003d7800   00000400  00000000  00000400  RWIX
  FLASH                 003f0000   00007ff6  000019ac  0000664a  RWIX
  BEGINFLASH            003f7ff6   00000002  00000002  00000000  RWIX
  CSM_PWL               003f7ff8   00000008  00000000  00000008  RWIX
  IQTABLES              003fe000   00000b50  00000000  00000b50  RWIX
  IQTABLES2             003feb50   0000008c  00000000  0000008c  RWIX
  IQTABLES3             003febdc   000000aa  00000000  000000aa  RWIX
  BOOTROM               003ff27c   00000d44  00000000  00000d44  RWIX
  RESET                 003fffc0   00000002  00000000  00000002  RWIX
  VECTORS               003fffc2   0000003e  00000000  0000003e  RWIX

PAGE 1:
  RAMM0M1               00000002   000007fe  00000200  000005fe  RWIX
  DEV_EMU               00000880   00000105  00000004  00000101  RWIX
  SYS_PWR_CTL           00000985   00000003  00000003  00000000  RWIX
  FLASH_REGS            00000a80   00000060  00000008  00000058  RWIX
  CSM                   00000ae0   00000010  00000010  00000000  RWIX
  ADC_RESULT            00000b00   00000020  00000020  00000000  RWIX
  CPU_TIMER0            00000c00   00000008  00000008  00000000  RWIX
  CPU_TIMER1            00000c08   00000008  00000008  00000000  RWIX
  CPU_TIMER2            00000c10   00000008  00000008  00000000  RWIX
  PIE_CTRL              00000ce0   00000020  0000001a  00000006  RWIX
  PIE_VECT              00000d00   00000100  00000100  00000000  RWIX
  COMP1                 00006400   00000020  00000011  0000000f  RWIX
  COMP2                 00006420   00000020  00000011  0000000f  RWIX
  EPWM1                 00006800   00000040  00000040  00000000  RWIX
  EPWM2                 00006840   00000040  00000040  00000000  RWIX
  EPWM3                 00006880   00000040  00000040  00000000  RWIX
  EPWM4                 000068c0   00000040  00000040  00000000  RWIX
  ECAP1                 00006a00   00000020  00000020  00000000  RWIX
  GPIOCTRL              00006f80   00000040  00000040  00000000  RWIX
  GPIODAT               00006fc0   00000020  00000020  00000000  RWIX
  GPIOINT               00006fe0   00000020  0000000a  00000016  RWIX
  SYSTEM                00007010   00000020  0000001f  00000001  RWIX
  SPIA                  00007040   00000010  00000010  00000000  RWIX
  SCIA                  00007050   00000010  00000010  00000000  RWIX
  NMIINTRUPT            00007060   00000010  00000010  00000000  RWIX
  XINTRUPT              00007070   00000010  00000010  00000000  RWIX
  ADC                   00007100   00000080  00000051  0000002f  RWIX
  I2CA                  00007900   00000040  00000022  0000001e  RWIX
  PARTID                003d7fff   00000001  00000001  00000000  RWIX
  CSM_PWL               003f7ff8   00000008  00000008  00000000  RWIX


SECTION ALLOCATION MAP

 output                                  attributes/
section   page    origin      length       input sections
--------  ----  ----------  ----------   ----------------
DevEmuRegsFile 
*          1    00000880    00000004     UNINITIALIZED
                  00000880    00000004     F2802x_GlobalVariableDefs.obj (DevEmuRegsFile)

SysPwrCtrlRegsFile 
*          1    00000985    00000003     UNINITIALIZED
                  00000985    00000003     F2802x_GlobalVariableDefs.obj (SysPwrCtrlRegsFile)

FlashRegsFile 
*          1    00000a80    00000008     UNINITIALIZED
                  00000a80    00000008     F2802x_GlobalVariableDefs.obj (FlashRegsFile)

CsmRegsFile 
*          1    00000ae0    00000010     UNINITIALIZED
                  00000ae0    00000010     F2802x_GlobalVariableDefs.obj (CsmRegsFile)

AdcResultFile 
*          1    00000b00    00000020     UNINITIALIZED
                  00000b00    00000020     F2802x_GlobalVariableDefs.obj (AdcResultFile)

CpuTimer0RegsFile 
*          1    00000c00    00000008     UNINITIALIZED
                  00000c00    00000008     F2802x_GlobalVariableDefs.obj (CpuTimer0RegsFile)

CpuTimer1RegsFile 
*          1    00000c08    00000008     UNINITIALIZED
                  00000c08    00000008     F2802x_GlobalVariableDefs.obj (CpuTimer1RegsFile)

CpuTimer2RegsFile 
*          1    00000c10    00000008     UNINITIALIZED
                  00000c10    00000008     F2802x_GlobalVariableDefs.obj (CpuTimer2RegsFile)

PieCtrlRegsFile 
*          1    00000ce0    0000001a     UNINITIALIZED
                  00000ce0    0000001a     F2802x_GlobalVariableDefs.obj (PieCtrlRegsFile)

PieVectTableFile 
*          1    00000d00    00000100     UNINITIALIZED
                  00000d00    00000100     F2802x_GlobalVariableDefs.obj (PieVectTableFile)

EmuKeyVar 
*          1    00000d00    00000001     UNINITIALIZED
                  00000d00    00000001     F2802x_GlobalVariableDefs.obj (EmuKeyVar)

EmuBModeVar 
*          1    00000d01    00000001     UNINITIALIZED
                  00000d01    00000001     F2802x_GlobalVariableDefs.obj (EmuBModeVar)

FlashCallbackVar 
*          1    00000d02    00000002     UNINITIALIZED
                  00000d02    00000002     F2802x_GlobalVariableDefs.obj (FlashCallbackVar)

FlashScalingVar 
*          1    00000d04    00000002     UNINITIALIZED
                  00000d04    00000002     F2802x_GlobalVariableDefs.obj (FlashScalingVar)

Comp1RegsFile 
*          1    00006400    00000011     UNINITIALIZED
                  00006400    00000011     F2802x_GlobalVariableDefs.obj (Comp1RegsFile)

Comp2RegsFile 
*          1    00006420    00000011     UNINITIALIZED
                  00006420    00000011     F2802x_GlobalVariableDefs.obj (Comp2RegsFile)

EPwm1RegsFile 
*          1    00006800    00000040     UNINITIALIZED
                  00006800    00000040     F2802x_GlobalVariableDefs.obj (EPwm1RegsFile)

EPwm2RegsFile 
*          1    00006840    00000040     UNINITIALIZED
                  00006840    00000040     F2802x_GlobalVariableDefs.obj (EPwm2RegsFile)

EPwm3RegsFile 
*          1    00006880    00000040     UNINITIALIZED
                  00006880    00000040     F2802x_GlobalVariableDefs.obj (EPwm3RegsFile)

EPwm4RegsFile 
*          1    000068c0    00000040     UNINITIALIZED
                  000068c0    00000040     F2802x_GlobalVariableDefs.obj (EPwm4RegsFile)

ECap1RegsFile 
*          1    00006a00    00000020     UNINITIALIZED
                  00006a00    00000020     F2802x_GlobalVariableDefs.obj (ECap1RegsFile)

GpioCtrlRegsFile 
*          1    00006f80    00000040     UNINITIALIZED
                  00006f80    00000040     F2802x_GlobalVariableDefs.obj (GpioCtrlRegsFile)

GpioDataRegsFile 
*          1    00006fc0    00000020     UNINITIALIZED
                  00006fc0    00000020     F2802x_GlobalVariableDefs.obj (GpioDataRegsFile)

GpioIntRegsFile 
*          1    00006fe0    0000000a     UNINITIALIZED
                  00006fe0    0000000a     F2802x_GlobalVariableDefs.obj (GpioIntRegsFile)

SysCtrlRegsFile 
*          1    00007010    0000001f     UNINITIALIZED
                  00007010    0000001f     F2802x_GlobalVariableDefs.obj (SysCtrlRegsFile)

SpiaRegsFile 
*          1    00007040    00000010     UNINITIALIZED
                  00007040    00000010     F2802x_GlobalVariableDefs.obj (SpiaRegsFile)

SciaRegsFile 
*          1    00007050    00000010     UNINITIALIZED
                  00007050    00000010     F2802x_GlobalVariableDefs.obj (SciaRegsFile)

NmiIntruptRegsFile 
*          1    00007060    00000010     UNINITIALIZED
                  00007060    00000010     F2802x_GlobalVariableDefs.obj (NmiIntruptRegsFile)

XIntruptRegsFile 
*          1    00007070    00000010     UNINITIALIZED
                  00007070    00000010     F2802x_GlobalVariableDefs.obj (XIntruptRegsFile)

AdcRegsFile 
*          1    00007100    00000051     UNINITIALIZED
                  00007100    00000051     F2802x_GlobalVariableDefs.obj (AdcRegsFile)

I2caRegsFile 
*          1    00007900    00000022     UNINITIALIZED
                  00007900    00000022     F2802x_GlobalVariableDefs.obj (I2caRegsFile)

PartIdRegsFile 
*          1    003d7fff    00000001     UNINITIALIZED
                  003d7fff    00000001     F2802x_GlobalVariableDefs.obj (PartIdRegsFile)

CsmPwlFile 
*          1    003f7ff8    00000008     UNINITIALIZED
                  003f7ff8    00000008     F2802x_GlobalVariableDefs.obj (CsmPwlFile)

.text      0    003f001f    00001812     
                  003f001f    00000944     Openloop_voltage_control.obj (.text)
                  003f0963    0000022e     f2802x_adc.obj (.text)
                  003f0b91    0000013a     f2802x_sysctrl.obj (.text)
                  003f0ccb    00000107     rts2800_ml.lib : ll_div28.asm.obj (.text)
                  003f0dd2    000000ff     f2802x_defaultisr.obj (.text:retain)
                  003f0ed1    000000d1     rts2800_ml.lib : e_fmodf.c.obj (.text)
                  003f0fa2    000000b1     DSP28xx_SciUtil.obj (.text)
                  003f1053    0000008e     ert_main.obj (.text)
                  003f10e1    0000008c     rt_nonfinite.obj (.text)
                  003f116d    00000083     MW_c28xx_adc.obj (.text)
                  003f11f0    00000083     rts2800_ml.lib : fs_div28.asm.obj (.text)
                  003f1273    00000078                    : fs_add28.asm.obj (.text)
                  003f12eb    00000073     f2802x_cputimers.obj (.text)
                  003f135e    0000006a     rts2800_ml.lib : s_floorf.c.obj (.text)
                  003f13c8    0000005d                    : s_scalbnf.c.obj (.text)
                  003f1425    0000005a                    : fs_mpy28.asm.obj (.text)
                  003f147f    00000054                    : boot28.asm.obj (.text)
                  003f14d3    0000004f     c2802xSchedulerTimer0.obj (.text)
                  003f1522    00000048     MW_c28xx_csl.obj (.text)
                  003f156a    00000040     MW_c28xx_board.obj (.text)
                  003f15aa    0000003e     rtGetInf.obj (.text)
                  003f15e8    0000002b     c2802xSchedulerTimer0.obj (.text:retain)
                  003f1613    00000029     rts2800_ml.lib : exit.c.obj (.text)
                  003f163c    00000029                    : fs_tol28.asm.obj (.text)
                  003f1665    00000028     f2802x_piectrl.obj (.text)
                  003f168d    00000027     rtGetNaN.obj (.text)
                  003f16b4    00000026     f2802x_pievect.obj (.text)
                  003f16da    00000024     rts2800_ml.lib : cpy_tbl.c.obj (.text)
                  003f16fe    0000001e                    : ll_cmp28.asm.obj (.text)
                  003f171c    0000001d                    : fs_tou28.asm.obj (.text)
                  003f1739    0000001d                    : memcpy.c.obj (.text)
                  003f1756    0000001b                    : ull_tofs28.asm.obj (.text)
                  003f1771    00000019                    : args_main.c.obj (.text)
                  003f178a    00000018                    : ll_aox28.asm.obj (.text)
                  003f17a2    00000017                    : fs_cmp28.asm.obj (.text)
                  003f17b9    00000014                    : ll_mpy28.asm.obj (.text)
                  003f17cd    00000013                    : ul_tofs28.asm.obj (.text)
                  003f17e0    00000011     MW_c28xGlobalInterrupts.obj (.text)
                  003f17f1    0000000f     c2802xBoard_Realtime_Support.obj (.text)
                  003f1800    0000000e     MW_c28xx_pwm.obj (.text)
                  003f180e    0000000a     rts2800_ml.lib : s_copysignf.c.obj (.text)
                  003f1818    00000009                    : _lock.c.obj (.text)
                  003f1821    00000008     f2802x_codestartbranch.obj (.text)
                  003f1829    00000005     rts2800_ml.lib : fs_neg28.asm.obj (.text)
                  003f182e    00000002                    : pre_init.c.obj (.text)
                  003f1830    00000001                    : startup.c.obj (.text)

.bss       0    00008000    00000000     UNINITIALIZED

.ebss      0    00008000    00000088     UNINITIALIZED
                  00008000    0000002a     Openloop_voltage_control.obj (.ebss)
                  0000802a    0000000c     rt_nonfinite.obj (.ebss)
                  00008036    00000006     rts2800_ml.lib : exit.c.obj (.ebss)
                  0000803c    00000003     ert_main.obj (.ebss)
                  0000803f    00000001     MW_c28xGPIO.obj (.ebss)
                  00008040    00000026     Openloop_voltage_control_data.obj (.ebss)
                  00008066    00000018     f2802x_cputimers.obj (.ebss)
                  0000807e    00000002     rts2800_ml.lib : _lock.c.obj (.ebss:__lock)
                  00008080    00000002                    : _lock.c.obj (.ebss:__unlock)
                  00008082    00000002     ert_main.obj (.ebss:_isRateRunning)
                  00008084    00000002     ert_main.obj (.ebss:_need2runFlags)
                  00008086    00000001     MW_c28xGlobalInterrupts.obj (.ebss)
                  00008087    00000001     rts2800_ml.lib : errno.c.obj (.ebss)

.cinit     0    003f1950    0000005d     
                  003f1950    00000029     Openloop_voltage_control_data.obj (.cinit)
                  003f1979    0000000e     rts2800_ml.lib : exit.c.obj (.cinit)
                  003f1987    00000005                    : _lock.c.obj (.cinit:__lock)
                  003f198c    00000005                    : _lock.c.obj (.cinit:__unlock)
                  003f1991    00000005     ert_main.obj (.cinit:_isRateRunning)
                  003f1996    00000005     ert_main.obj (.cinit:_need2runFlags)
                  003f199b    00000004     MW_c28xGPIO.obj (.cinit)
                  003f199f    00000004     Openloop_voltage_control.obj (.cinit)
                  003f19a3    00000004     ert_main.obj (.cinit)
                  003f19a7    00000004     rts2800_ml.lib : errno.c.obj (.cinit)
                  003f19ab    00000002     --HOLE-- [fill = 0]

.pinit     0    003f0000    00000000     UNINITIALIZED

.econst    0    003f1832    0000011e     
                  003f1832    00000100     f2802x_pievect.obj (.econst:_PieVectTableInit)
                  003f1932    00000008     Openloop_voltage_control.obj (.econst:_tmp_a$1)
                  003f193a    00000006     rts2800_ml.lib : s_scalbnf.c.obj (.econst)
                  003f1940    00000004     Openloop_voltage_control.obj (.econst:.string)
                  003f1944    00000004     rts2800_ml.lib : e_fmodf.c.obj (.econst:_Zero)
                  003f1948    00000002     Openloop_voltage_control.obj (.econst)
                  003f194a    00000002     rtGetNaN.obj (.econst:_$P$T0$1)
                  003f194c    00000002     rts2800_ml.lib : e_fmodf.c.obj (.econst)
                  003f194e    00000002                    : s_floorf.c.obj (.econst)

.reset     0    003fffc0    00000002     DSECT
                  003fffc0    00000002     rts2800_ml.lib : boot28.asm.obj (.reset)

.data      0    00008000    00000000     UNINITIALIZED

.stack     1    00000002    00000200     UNINITIALIZED
                  00000002    00000200     --HOLE--

codestart 
*          0    003f7ff6    00000002     
                  003f7ff6    00000002     f2802x_codestartbranch.obj (codestart)

ramfuncs   0    003f0000    0000001f     RUN ADDR = 00008088
                  003f0000    0000001b     f2802x_sysctrl.obj (ramfuncs)
                  003f001b    00000004     f2802x_usdelay.obj (ramfuncs)

MODULE SUMMARY

       Module                              code   initialized data   uninitialized data
       ------                              ----   ----------------   ------------------
    <current directory>
       Openloop_voltage_control.obj        2372   18                 42                
       F2802x_GlobalVariableDefs.obj       0      0                  1022              
       f2802x_adc.obj                      558    0                  0                 
       f2802x_sysctrl.obj                  368    0                  0                 
       f2802x_pievect.obj                  38     256                0                 
       f2802x_defaultisr.obj               255    0                  0                 
       DSP28xx_SciUtil.obj                 177    0                  0                 
       ert_main.obj                        142    14                 7                 
       rt_nonfinite.obj                    140    0                  12                
       f2802x_cputimers.obj                115    0                  24                
       MW_c28xx_adc.obj                    131    0                  0                 
       c2802xSchedulerTimer0.obj           122    0                  0                 
       Openloop_voltage_control_data.obj   0      41                 38                
       MW_c28xx_csl.obj                    72     0                  0                 
       MW_c28xx_board.obj                  64     0                  0                 
       rtGetInf.obj                        62     0                  0                 
       rtGetNaN.obj                        39     2                  0                 
       f2802x_piectrl.obj                  40     0                  0                 
       MW_c28xGlobalInterrupts.obj         17     0                  1                 
       c2802xBoard_Realtime_Support.obj    15     0                  0                 
       MW_c28xx_pwm.obj                    14     0                  0                 
       f2802x_codestartbranch.obj          10     0                  0                 
       f2802x_usdelay.obj                  8      0                  0                 
       MW_c28xGPIO.obj                     0      4                  1                 
    +--+-----------------------------------+------+------------------+--------------------+
       Total:                              4759   335                1147              
                                                                                       
    C:/PROGRA~3/MATLAB/SUPPOR~1/R2020b/3P778C~1.INS/TIC200~1.INS/TI-CGT~1.LTS/lib/rts2800_ml.lib
       ll_div28.asm.obj                    263    0                  0                 
       e_fmodf.c.obj                       209    6                  0                 
       fs_div28.asm.obj                    131    0                  0                 
       fs_add28.asm.obj                    120    0                  0                 
       s_floorf.c.obj                      106    2                  0                 
       s_scalbnf.c.obj                     93     6                  0                 
       fs_mpy28.asm.obj                    90     0                  0                 
       boot28.asm.obj                      84     0                  0                 
       exit.c.obj                          41     14                 6                 
       fs_tol28.asm.obj                    41     0                  0                 
       cpy_tbl.c.obj                       36     0                  0                 
       ll_cmp28.asm.obj                    30     0                  0                 
       fs_tou28.asm.obj                    29     0                  0                 
       memcpy.c.obj                        29     0                  0                 
       ull_tofs28.asm.obj                  27     0                  0                 
       args_main.c.obj                     25     0                  0                 
       ll_aox28.asm.obj                    24     0                  0                 
       _lock.c.obj                         9      10                 4                 
       fs_cmp28.asm.obj                    23     0                  0                 
       ll_mpy28.asm.obj                    20     0                  0                 
       ul_tofs28.asm.obj                   19     0                  0                 
       s_copysignf.c.obj                   10     0                  0                 
       errno.c.obj                         0      4                  1                 
       fs_neg28.asm.obj                    5      0                  0                 
       pre_init.c.obj                      2      0                  0                 
       startup.c.obj                       1      0                  0                 
    +--+-----------------------------------+------+------------------+--------------------+
       Total:                              1467   42                 11                
                                                                                       
       Stack:                              0      0                  512               
    +--+-----------------------------------+------+------------------+--------------------+
       Grand Total:                        6226   377                1670              


GLOBAL DATA SYMBOLS: SORTED BY DATA PAGE

address     data page           name
--------    ----------------    ----
00000002       0 (00000000)     __stack

00000880      22 (00000880)     _DevEmuRegs

00000985      26 (00000980)     _SysPwrCtrlRegs

00000a80      2a (00000a80)     _FlashRegs

00000ae0      2b (00000ac0)     _CsmRegs

00000b00      2c (00000b00)     _AdcResult

00000c00      30 (00000c00)     _CpuTimer0Regs
00000c08      30 (00000c00)     _CpuTimer1Regs
00000c10      30 (00000c00)     _CpuTimer2Regs

00000ce0      33 (00000cc0)     _PieCtrlRegs

00000d00      34 (00000d00)     _EmuKey
00000d00      34 (00000d00)     _PieVectTable
00000d01      34 (00000d00)     _EmuBMode
00000d02      34 (00000d00)     _Flash_CallbackPtr
00000d04      34 (00000d00)     _Flash_CPUScaleFactor

00006400     190 (00006400)     _Comp1Regs
00006420     190 (00006400)     _Comp2Regs

00006800     1a0 (00006800)     _EPwm1Regs

00006840     1a1 (00006840)     _EPwm2Regs

00006880     1a2 (00006880)     _EPwm3Regs

000068c0     1a3 (000068c0)     _EPwm4Regs

00006a00     1a8 (00006a00)     _ECap1Regs

00006f80     1be (00006f80)     _GpioCtrlRegs

00006fc0     1bf (00006fc0)     _GpioDataRegs
00006fe0     1bf (00006fc0)     _GpioIntRegs

00007010     1c0 (00007000)     _SysCtrlRegs

00007040     1c1 (00007040)     _SpiaRegs
00007050     1c1 (00007040)     _SciaRegs
00007060     1c1 (00007040)     _NmiIntruptRegs
00007070     1c1 (00007040)     _XIntruptRegs

00007100     1c4 (00007100)     _AdcRegs

00007900     1e4 (00007900)     _I2caRegs

00008000     200 (00008000)     _MW_adcInitFlag
00008001     200 (00008000)     _Openloop_voltage_contro_PrevZCX
00008008     200 (00008000)     _Openloop_voltage_control_B
00008018     200 (00008000)     _Openloop_voltage_control_DW
0000802a     200 (00008000)     _rtInf
0000802c     200 (00008000)     _rtMinusInf
0000802e     200 (00008000)     _rtNaN
00008030     200 (00008000)     _rtInfF
00008032     200 (00008000)     _rtMinusInfF
00008034     200 (00008000)     _rtNaNF
00008036     200 (00008000)     ___TI_enable_exit_profile_output
00008038     200 (00008000)     ___TI_cleanup_ptr
0000803a     200 (00008000)     ___TI_dtors_ptr
0000803c     200 (00008000)     _IsrOverrun
0000803d     200 (00008000)     _stopRequested
0000803e     200 (00008000)     _runModel
0000803f     200 (00008000)     _GPIO_oneTimeInit

00008040     201 (00008040)     _Openloop_voltage_control_P
00008066     201 (00008040)     _CpuTimer0
0000806e     201 (00008040)     _CpuTimer1
00008076     201 (00008040)     _CpuTimer2
0000807e     201 (00008040)     __lock

00008080     202 (00008080)     __unlock
00008082     202 (00008080)     _isRateRunning
00008084     202 (00008080)     _need2runFlags
00008086     202 (00008080)     _MW_InterruptDisableLock
00008087     202 (00008080)     _errno

003d7fff    f5ff (003d7fc0)     _PartIdRegs

003f1832    fc60 (003f1800)     _PieVectTableInit

003f1948    fc65 (003f1940)     _Openloop_voltage_control_M

003f7ff8    fdff (003f7fc0)     _CsmPwl


GLOBAL SYMBOLS: SORTED ALPHABETICALLY BY Name 

page  address   name                                              
----  -------   ----                                              
0     00008000  .bss                                              
0     00008000  .data                                             
0     003f001f  .text                                             
0     003f1613  C$$EXIT                                           
0     003f1278  FS$$ADD                                           
0     003f17a2  FS$$CMP                                           
0     003f11f0  FS$$DIV                                           
0     003f1425  FS$$MPY                                           
0     003f1829  FS$$NEG                                           
0     003f1273  FS$$SUB                                           
0     003f163c  FS$$TOL                                           
0     003f171c  FS$$TOU                                           
0     003f178a  LL$$AND                                           
0     003f16fe  LL$$CMP                                           
0     003f0ccb  LL$$DIV                                           
0     003f0d07  LL$$MOD                                           
0     003f17b9  LL$$MPY                                           
0     003f1792  LL$$OR                                            
0     003f179a  LL$$XOR                                           
0     003f17cd  UL$$TOFS                                          
0     003f1710  ULL$$CMP                                          
0     003f0d41  ULL$$DIV                                          
0     003f0d70  ULL$$MOD                                          
0     003f1756  ULL$$TOFS                                         
0     003f0e31  _ADCINT1_ISR                                      
0     003f0e36  _ADCINT2_ISR                                      
0     003f0e9f  _ADCINT3_ISR                                      
0     003f0ea4  _ADCINT4_ISR                                      
0     003f0ea9  _ADCINT5_ISR                                      
0     003f0eae  _ADCINT6_ISR                                      
0     003f0eb3  _ADCINT7_ISR                                      
0     003f0eb8  _ADCINT8_ISR                                      
0     003f0e45  _ADCINT9_ISR                                      
0     003f09cb  _AdcChanSelect                                    
0     003f0a40  _AdcConversion                                    
0     003f09a4  _AdcOffsetSelfCal                                 
1     00007100  _AdcRegs                                          
1     00000b00  _AdcResult                                        
1     00006400  _Comp1Regs                                        
1     00006420  _Comp2Regs                                        
0     003f132c  _ConfigCpuTimer                                   
0     00008066  _CpuTimer0                                        
1     00000c00  _CpuTimer0Regs                                    
0     0000806e  _CpuTimer1                                        
1     00000c08  _CpuTimer1Regs                                    
0     00008076  _CpuTimer2                                        
1     00000c10  _CpuTimer2Regs                                    
1     003f7ff8  _CsmPwl                                           
1     00000ae0  _CsmRegs                                          
0     003f0c44  _CsmUnlock                                        
0     003f0ddc  _DATALOG_ISR                                      
0     000080a3  _DSP28x_usDelay                                   
1     00000880  _DevEmuRegs                                       
0     003f0bb5  _DisableDog                                       
0     003f0e7c  _ECAP1_INT_ISR                                    
1     00006a00  _ECap1Regs                                        
0     003f0ec2  _EMPTY_ISR                                        
0     003f0de6  _EMUINT_ISR                                       
0     003f0e68  _EPWM1_INT_ISR                                    
0     003f0e54  _EPWM1_TZINT_ISR                                  
0     003f0e6d  _EPWM2_INT_ISR                                    
0     003f0e59  _EPWM2_TZINT_ISR                                  
0     003f0e72  _EPWM3_INT_ISR                                    
0     003f0e5e  _EPWM3_TZINT_ISR                                  
0     003f0e77  _EPWM4_INT_ISR                                    
0     003f0e63  _EPWM4_TZINT_ISR                                  
1     00006800  _EPwm1Regs                                        
1     00006840  _EPwm2Regs                                        
1     00006880  _EPwm3Regs                                        
1     000068c0  _EPwm4Regs                                        
1     00000d01  _EmuBMode                                         
1     00000d00  _EmuKey                                           
0     003f1684  _EnableInterrupts                                 
0     003f0cb5  _ExtOscSel                                        
1     00000a80  _FlashRegs                                        
1     00000d04  _Flash_CPUScaleFactor                             
1     00000d02  _Flash_CallbackPtr                                
0     0000803f  _GPIO_oneTimeInit                                 
1     00006f80  _GpioCtrlRegs                                     
1     00006fc0  _GpioDataRegs                                     
1     00006fe0  _GpioIntRegs                                      
0     003f0e8b  _I2CINT1A_ISR                                     
0     003f0e90  _I2CINT2A_ISR                                     
1     00007900  _I2caRegs                                         
0     003f0df0  _ILLEGAL_ISR                                      
0     003f0dd2  _INT13_ISR                                        
0     003f0dd7  _INT14_ISR                                        
0     003f0963  _InitAdc                                          
0     003f0982  _InitAdcAio                                       
0     003f12eb  _InitCpuTimers                                    
0     00008088  _InitFlash                                        
0     003f0c12  _InitPeripheralClocks                             
0     003f1665  _InitPieCtrl                                      
0     003f16b4  _InitPieVectTable                                 
0     003f0bbd  _InitPll                                          
0     003f0b91  _InitSysCtrl                                      
0     003f0c75  _IntOsc1Sel                                       
0     003f0c85  _IntOsc2Sel                                       
0     0000803c  _IsrOverrun                                       
0     00008086  _MW_InterruptDisableLock                          
0     00008000  _MW_adcInitFlag                                   
0     003f0141  _MultiWordAdd                                     
0     003f0399  _MultiWordUnsignedWrap                            
0     003f0deb  _NMI_ISR                                          
1     00007060  _NmiIntruptRegs                                   
0     00008001  _Openloop_voltage_contro_PrevZCX                  
0     00008008  _Openloop_voltage_control_B                       
0     00008018  _Openloop_voltage_control_DW                      
0     003f1948  _Openloop_voltage_control_M                       
0     00008040  _Openloop_voltage_control_P                       
0     003f03de  _Openloop_voltage_control_SetEventsForThisBaseStep
0     003f0840  _Openloop_voltage_control_initialize              
0     003f03f7  _Openloop_voltage_control_step0                   
0     003f0839  _Openloop_voltage_control_step1                   
0     003f0962  _Openloop_voltage_control_terminate               
0     003f0ec7  _PIE_RESERVED                                     
1     003d7fff  _PartIdRegs                                       
1     00000ce0  _PieCtrlRegs                                      
1     00000d00  _PieVectTable                                     
0     003f1832  _PieVectTableInit                                 
0     003f0de1  _RTOSINT_ISR                                      
0     003f001f  _RamfuncsLoadEnd                                  
0     003f0000  _RamfuncsLoadStart                                
0     00008088  _RamfuncsRunStart                                 
0     003f0e95  _SCIRXINTA_ISR                                    
0     003f0e9a  _SCITXINTA_ISR                                    
0     003f0e81  _SPIRXINTA_ISR                                    
0     003f0e86  _SPITXINTA_ISR                                    
1     00007050  _SciaRegs                                         
0     003f0bab  _ServiceDog                                       
1     00007040  _SpiaRegs                                         
1     00007010  _SysCtrlRegs                                      
1     00000985  _SysPwrCtrlRegs                                   
0     003f0e4a  _TINT0_ISR                                        
0     003f15e8  _TINT0_isr                                        
0     003f0e22  _USER10_ISR                                       
0     003f0e27  _USER11_ISR                                       
0     003f0e2c  _USER12_ISR                                       
0     003f0df5  _USER1_ISR                                        
0     003f0dfa  _USER2_ISR                                        
0     003f0dff  _USER3_ISR                                        
0     003f0e04  _USER4_ISR                                        
0     003f0e09  _USER5_ISR                                        
0     003f0e0e  _USER6_ISR                                        
0     003f0e13  _USER7_ISR                                        
0     003f0e18  _USER8_ISR                                        
0     003f0e1d  _USER9_ISR                                        
0     003f0e4f  _WAKEINT_ISR                                      
0     003f0e3b  _XINT1_ISR                                        
0     003f0e40  _XINT2_ISR                                        
0     003f0ebd  _XINT3_ISR                                        
1     00007070  _XIntruptRegs                                     
0     003f0c99  _XtalOscSel                                       
1     00000202  __STACK_END                                       
abs   00000200  __STACK_SIZE                                      
0     00008038  ___TI_cleanup_ptr                                 
0     0000803a  ___TI_dtors_ptr                                   
0     00008036  ___TI_enable_exit_profile_output                  
abs   ffffffff  ___TI_pprof_out_hndl                              
abs   ffffffff  ___TI_prof_data_size                              
abs   ffffffff  ___TI_prof_data_start                             
abs   ffffffff  ___binit__                                        
0     00008000  ___bss__                                          
abs   ffffffff  ___c_args__                                       
0     003f1950  ___cinit__                                        
0     00008000  ___data__                                         
0     00008000  ___edata__                                        
0     00008000  ___end__                                          
0     003f1831  ___etext__                                        
abs   ffffffff  ___pinit__                                        
0     003f001f  ___text__                                         
0     003f1771  __args_main                                       
0     0000807e  __lock                                            
0     003f1820  __nop                                             
0     003f181c  __register_lock                                   
0     003f1818  __register_unlock                                 
1     00000002  __stack                                           
0     003f1830  __system_post_cinit                               
0     003f182e  __system_pre_init                                 
0     00008080  __unlock                                          
0     003f1613  _abort                                            
0     003f1020  _byteswap_L8cmp                                   
0     003f17f1  _c2000_flash_init                                 
0     003f147f  _c_int00                                          
0     003f1198  _config_ADC_SOC0                                  
0     003f116d  _config_ADC_SOC2                                  
0     003f11c4  _config_ADC_SOC8                                  
0     003f1800  _config_ePWM_GPIO                                 
0     003f1568  _configureGPIOExtInterrupt                        
0     003f14d3  _configureTimer0                                  
0     003f16da  _copy_in                                          
0     003f180e  _copysign                                         
0     003f180e  _copysignf                                        
0     003f1501  _disableTimer0Interrupt                           
0     003f1522  _disableWatchdog                                  
0     003f1569  _enableExtInterrupt                               
0     003f14f9  _enableTimer0Interrupt                            
0     00008087  _errno                                            
0     003f1615  _exit                                             
0     003f135e  _floor                                            
0     003f135e  _floorf                                           
0     003f0ed1  _fmod                                             
0     003f0ed1  _fmodf                                            
0     003f17e8  _globalInterruptDisable                           
0     003f17e0  _globalInterruptEnable                            
0     003f152d  _init_SCI                                         
0     003f155b  _init_SCI_GPIO                                    
0     003f156a  _init_board                                       
0     00008082  _isRateRunning                                    
0     003f13c8  _ldexp                                            
0     003f13c8  _ldexpf                                           
0     003f1098  _main                                             
0     003f1739  _memcpy                                           
0     00008084  _need2runFlags                                    
0     003f1517  _restoreTimer0Interrupt                           
0     003f0ecc  _rsvd_ISR                                         
0     003f15aa  _rtGetInf                                         
0     003f15c1  _rtGetInfF                                        
0     003f15c9  _rtGetMinusInf                                    
0     003f15e0  _rtGetMinusInfF                                   
0     003f168d  _rtGetNaN                                         
0     003f16a4  _rtGetNaNF                                        
0     0000802a  _rtInf                                            
0     00008030  _rtInfF                                           
0     003f1103  _rtIsInf                                          
0     003f111c  _rtIsInfF                                         
0     003f1135  _rtIsNaN                                          
0     003f1158  _rtIsNaNF                                         
0     0000802c  _rtMinusInf                                       
0     00008032  _rtMinusInfF                                      
0     0000802e  _rtNaN                                            
0     00008034  _rtNaNF                                           
0     003f10e1  _rt_InitInfAndNaN                                 
0     003f1053  _rt_OneStep                                       
0     0000803e  _runModel                                         
0     003f13c8  _scalbn                                           
0     003f13c8  _scalbnf                                          
0     003f0fa2  _scia_rcv                                         
0     0000803d  _stopRequested                                    
0     003f001f  _uMultiWord2Double                                
0     003f0046  _uMultiWord2MultiWord                             
0     003f01a7  _uMultiWordMul                                    
0     003f007b  _uMultiWordShl                                    
0     003f02f4  _uMultiWordShr                                    
abs   ffffffff  binit                                             
0     003f1950  cinit                                             
0     003f7ff6  code_start                                        
0     00008000  edata                                             
0     00008000  end                                               
0     003f1831  etext                                             
abs   ffffffff  pinit                                             


GLOBAL SYMBOLS: SORTED BY Symbol Address 

page  address   name                                              
----  -------   ----                                              
0     00008000  .bss                                              
0     00008000  .data                                             
0     00008000  _MW_adcInitFlag                                   
0     00008000  ___bss__                                          
0     00008000  ___data__                                         
0     00008000  ___edata__                                        
0     00008000  ___end__                                          
0     00008000  edata                                             
0     00008000  end                                               
0     00008001  _Openloop_voltage_contro_PrevZCX                  
0     00008008  _Openloop_voltage_control_B                       
0     00008018  _Openloop_voltage_control_DW                      
0     0000802a  _rtInf                                            
0     0000802c  _rtMinusInf                                       
0     0000802e  _rtNaN                                            
0     00008030  _rtInfF                                           
0     00008032  _rtMinusInfF                                      
0     00008034  _rtNaNF                                           
0     00008036  ___TI_enable_exit_profile_output                  
0     00008038  ___TI_cleanup_ptr                                 
0     0000803a  ___TI_dtors_ptr                                   
0     0000803c  _IsrOverrun                                       
0     0000803d  _stopRequested                                    
0     0000803e  _runModel                                         
0     0000803f  _GPIO_oneTimeInit                                 
0     00008040  _Openloop_voltage_control_P                       
0     00008066  _CpuTimer0                                        
0     0000806e  _CpuTimer1                                        
0     00008076  _CpuTimer2                                        
0     0000807e  __lock                                            
0     00008080  __unlock                                          
0     00008082  _isRateRunning                                    
0     00008084  _need2runFlags                                    
0     00008086  _MW_InterruptDisableLock                          
0     00008087  _errno                                            
0     00008088  _InitFlash                                        
0     00008088  _RamfuncsRunStart                                 
0     000080a3  _DSP28x_usDelay                                   
0     003f0000  _RamfuncsLoadStart                                
0     003f001f  .text                                             
0     003f001f  _RamfuncsLoadEnd                                  
0     003f001f  ___text__                                         
0     003f001f  _uMultiWord2Double                                
0     003f0046  _uMultiWord2MultiWord                             
0     003f007b  _uMultiWordShl                                    
0     003f0141  _MultiWordAdd                                     
0     003f01a7  _uMultiWordMul                                    
0     003f02f4  _uMultiWordShr                                    
0     003f0399  _MultiWordUnsignedWrap                            
0     003f03de  _Openloop_voltage_control_SetEventsForThisBaseStep
0     003f03f7  _Openloop_voltage_control_step0                   
0     003f0839  _Openloop_voltage_control_step1                   
0     003f0840  _Openloop_voltage_control_initialize              
0     003f0962  _Openloop_voltage_control_terminate               
0     003f0963  _InitAdc                                          
0     003f0982  _InitAdcAio                                       
0     003f09a4  _AdcOffsetSelfCal                                 
0     003f09cb  _AdcChanSelect                                    
0     003f0a40  _AdcConversion                                    
0     003f0b91  _InitSysCtrl                                      
0     003f0bab  _ServiceDog                                       
0     003f0bb5  _DisableDog                                       
0     003f0bbd  _InitPll                                          
0     003f0c12  _InitPeripheralClocks                             
0     003f0c44  _CsmUnlock                                        
0     003f0c75  _IntOsc1Sel                                       
0     003f0c85  _IntOsc2Sel                                       
0     003f0c99  _XtalOscSel                                       
0     003f0cb5  _ExtOscSel                                        
0     003f0ccb  LL$$DIV                                           
0     003f0d07  LL$$MOD                                           
0     003f0d41  ULL$$DIV                                          
0     003f0d70  ULL$$MOD                                          
0     003f0dd2  _INT13_ISR                                        
0     003f0dd7  _INT14_ISR                                        
0     003f0ddc  _DATALOG_ISR                                      
0     003f0de1  _RTOSINT_ISR                                      
0     003f0de6  _EMUINT_ISR                                       
0     003f0deb  _NMI_ISR                                          
0     003f0df0  _ILLEGAL_ISR                                      
0     003f0df5  _USER1_ISR                                        
0     003f0dfa  _USER2_ISR                                        
0     003f0dff  _USER3_ISR                                        
0     003f0e04  _USER4_ISR                                        
0     003f0e09  _USER5_ISR                                        
0     003f0e0e  _USER6_ISR                                        
0     003f0e13  _USER7_ISR                                        
0     003f0e18  _USER8_ISR                                        
0     003f0e1d  _USER9_ISR                                        
0     003f0e22  _USER10_ISR                                       
0     003f0e27  _USER11_ISR                                       
0     003f0e2c  _USER12_ISR                                       
0     003f0e31  _ADCINT1_ISR                                      
0     003f0e36  _ADCINT2_ISR                                      
0     003f0e3b  _XINT1_ISR                                        
0     003f0e40  _XINT2_ISR                                        
0     003f0e45  _ADCINT9_ISR                                      
0     003f0e4a  _TINT0_ISR                                        
0     003f0e4f  _WAKEINT_ISR                                      
0     003f0e54  _EPWM1_TZINT_ISR                                  
0     003f0e59  _EPWM2_TZINT_ISR                                  
0     003f0e5e  _EPWM3_TZINT_ISR                                  
0     003f0e63  _EPWM4_TZINT_ISR                                  
0     003f0e68  _EPWM1_INT_ISR                                    
0     003f0e6d  _EPWM2_INT_ISR                                    
0     003f0e72  _EPWM3_INT_ISR                                    
0     003f0e77  _EPWM4_INT_ISR                                    
0     003f0e7c  _ECAP1_INT_ISR                                    
0     003f0e81  _SPIRXINTA_ISR                                    
0     003f0e86  _SPITXINTA_ISR                                    
0     003f0e8b  _I2CINT1A_ISR                                     
0     003f0e90  _I2CINT2A_ISR                                     
0     003f0e95  _SCIRXINTA_ISR                                    
0     003f0e9a  _SCITXINTA_ISR                                    
0     003f0e9f  _ADCINT3_ISR                                      
0     003f0ea4  _ADCINT4_ISR                                      
0     003f0ea9  _ADCINT5_ISR                                      
0     003f0eae  _ADCINT6_ISR                                      
0     003f0eb3  _ADCINT7_ISR                                      
0     003f0eb8  _ADCINT8_ISR                                      
0     003f0ebd  _XINT3_ISR                                        
0     003f0ec2  _EMPTY_ISR                                        
0     003f0ec7  _PIE_RESERVED                                     
0     003f0ecc  _rsvd_ISR                                         
0     003f0ed1  _fmod                                             
0     003f0ed1  _fmodf                                            
0     003f0fa2  _scia_rcv                                         
0     003f1020  _byteswap_L8cmp                                   
0     003f1053  _rt_OneStep                                       
0     003f1098  _main                                             
0     003f10e1  _rt_InitInfAndNaN                                 
0     003f1103  _rtIsInf                                          
0     003f111c  _rtIsInfF                                         
0     003f1135  _rtIsNaN                                          
0     003f1158  _rtIsNaNF                                         
0     003f116d  _config_ADC_SOC2                                  
0     003f1198  _config_ADC_SOC0                                  
0     003f11c4  _config_ADC_SOC8                                  
0     003f11f0  FS$$DIV                                           
0     003f1273  FS$$SUB                                           
0     003f1278  FS$$ADD                                           
0     003f12eb  _InitCpuTimers                                    
0     003f132c  _ConfigCpuTimer                                   
0     003f135e  _floor                                            
0     003f135e  _floorf                                           
0     003f13c8  _ldexp                                            
0     003f13c8  _ldexpf                                           
0     003f13c8  _scalbn                                           
0     003f13c8  _scalbnf                                          
0     003f1425  FS$$MPY                                           
0     003f147f  _c_int00                                          
0     003f14d3  _configureTimer0                                  
0     003f14f9  _enableTimer0Interrupt                            
0     003f1501  _disableTimer0Interrupt                           
0     003f1517  _restoreTimer0Interrupt                           
0     003f1522  _disableWatchdog                                  
0     003f152d  _init_SCI                                         
0     003f155b  _init_SCI_GPIO                                    
0     003f1568  _configureGPIOExtInterrupt                        
0     003f1569  _enableExtInterrupt                               
0     003f156a  _init_board                                       
0     003f15aa  _rtGetInf                                         
0     003f15c1  _rtGetInfF                                        
0     003f15c9  _rtGetMinusInf                                    
0     003f15e0  _rtGetMinusInfF                                   
0     003f15e8  _TINT0_isr                                        
0     003f1613  C$$EXIT                                           
0     003f1613  _abort                                            
0     003f1615  _exit                                             
0     003f163c  FS$$TOL                                           
0     003f1665  _InitPieCtrl                                      
0     003f1684  _EnableInterrupts                                 
0     003f168d  _rtGetNaN                                         
0     003f16a4  _rtGetNaNF                                        
0     003f16b4  _InitPieVectTable                                 
0     003f16da  _copy_in                                          
0     003f16fe  LL$$CMP                                           
0     003f1710  ULL$$CMP                                          
0     003f171c  FS$$TOU                                           
0     003f1739  _memcpy                                           
0     003f1756  ULL$$TOFS                                         
0     003f1771  __args_main                                       
0     003f178a  LL$$AND                                           
0     003f1792  LL$$OR                                            
0     003f179a  LL$$XOR                                           
0     003f17a2  FS$$CMP                                           
0     003f17b9  LL$$MPY                                           
0     003f17cd  UL$$TOFS                                          
0     003f17e0  _globalInterruptEnable                            
0     003f17e8  _globalInterruptDisable                           
0     003f17f1  _c2000_flash_init                                 
0     003f1800  _config_ePWM_GPIO                                 
0     003f180e  _copysign                                         
0     003f180e  _copysignf                                        
0     003f1818  __register_unlock                                 
0     003f181c  __register_lock                                   
0     003f1820  __nop                                             
0     003f1829  FS$$NEG                                           
0     003f182e  __system_pre_init                                 
0     003f1830  __system_post_cinit                               
0     003f1831  ___etext__                                        
0     003f1831  etext                                             
0     003f1832  _PieVectTableInit                                 
0     003f1948  _Openloop_voltage_control_M                       
0     003f1950  ___cinit__                                        
0     003f1950  cinit                                             
0     003f7ff6  code_start                                        
1     00000002  __stack                                           
1     00000202  __STACK_END                                       
1     00000880  _DevEmuRegs                                       
1     00000985  _SysPwrCtrlRegs                                   
1     00000a80  _FlashRegs                                        
1     00000ae0  _CsmRegs                                          
1     00000b00  _AdcResult                                        
1     00000c00  _CpuTimer0Regs                                    
1     00000c08  _CpuTimer1Regs                                    
1     00000c10  _CpuTimer2Regs                                    
1     00000ce0  _PieCtrlRegs                                      
1     00000d00  _EmuKey                                           
1     00000d00  _PieVectTable                                     
1     00000d01  _EmuBMode                                         
1     00000d02  _Flash_CallbackPtr                                
1     00000d04  _Flash_CPUScaleFactor                             
1     00006400  _Comp1Regs                                        
1     00006420  _Comp2Regs                                        
1     00006800  _EPwm1Regs                                        
1     00006840  _EPwm2Regs                                        
1     00006880  _EPwm3Regs                                        
1     000068c0  _EPwm4Regs                                        
1     00006a00  _ECap1Regs                                        
1     00006f80  _GpioCtrlRegs                                     
1     00006fc0  _GpioDataRegs                                     
1     00006fe0  _GpioIntRegs                                      
1     00007010  _SysCtrlRegs                                      
1     00007040  _SpiaRegs                                         
1     00007050  _SciaRegs                                         
1     00007060  _NmiIntruptRegs                                   
1     00007070  _XIntruptRegs                                     
1     00007100  _AdcRegs                                          
1     00007900  _I2caRegs                                         
1     003d7fff  _PartIdRegs                                       
1     003f7ff8  _CsmPwl                                           
abs   00000200  __STACK_SIZE                                      
abs   ffffffff  ___TI_pprof_out_hndl                              
abs   ffffffff  ___TI_prof_data_size                              
abs   ffffffff  ___TI_prof_data_start                             
abs   ffffffff  ___binit__                                        
abs   ffffffff  ___c_args__                                       
abs   ffffffff  ___pinit__                                        
abs   ffffffff  binit                                             
abs   ffffffff  pinit                                             

[251 symbols]
