******************************************************************************
             TMS320C2000 Linker PC v18.12.2                    
******************************************************************************
>> Linked Thu Sep  1 14:10:39 2022

OUTPUT FILE NAME:   <../Openloop_voltage_control.out>
ENTRY POINT SYMBOL: "_c_int00"  address: 003f0d78


MEMORY CONFIGURATION

         name            origin    length      used     unused   attr    fill
----------------------  --------  ---------  --------  --------  ----  --------
PAGE 0:
  BEGINRAM              00000000   00000002  00000000  00000002  RWIX
  PRAML0                00008000   00001000  0000008e  00000f72  RWIX
  OTP                   003d7800   00000400  00000000  00000400  RWIX
  FLASH                 003f0000   00007ff6  0000122d  00006dc9  RWIX
  BEGINFLASH            003f7ff6   00000002  00000002  00000000  RWIX
  CSM_PWL               003f7ff8   00000008  00000000  00000008  RWIX
  IQTABLES              003fe000   00000b50  00000000  00000b50  RWIX
  IQTABLES2             003feb50   0000008c  00000000  0000008c  RWIX
  IQTABLES3             003febdc   000000aa  00000000  000000aa  RWIX
  BOOTROM               003ff27c   00000d44  00000000  00000d44  RWIX
  RESET                 003fffc0   00000002  00000000  00000002  RWIX
  VECTORS               003fffc2   0000003e  00000000  0000003e  RWIX

PAGE 1:
  RAMM0M1               00000002   000007fe  00000200  000005fe  RWIX
  DEV_EMU               00000880   00000105  00000004  00000101  RWIX
  SYS_PWR_CTL           00000985   00000003  00000003  00000000  RWIX
  FLASH_REGS            00000a80   00000060  00000008  00000058  RWIX
  CSM                   00000ae0   00000010  00000010  00000000  RWIX
  ADC_RESULT            00000b00   00000020  00000020  00000000  RWIX
  CPU_TIMER0            00000c00   00000008  00000008  00000000  RWIX
  CPU_TIMER1            00000c08   00000008  00000008  00000000  RWIX
  CPU_TIMER2            00000c10   00000008  00000008  00000000  RWIX
  PIE_CTRL              00000ce0   00000020  0000001a  00000006  RWIX
  PIE_VECT              00000d00   00000100  00000100  00000000  RWIX
  COMP1                 00006400   00000020  00000011  0000000f  RWIX
  COMP2                 00006420   00000020  00000011  0000000f  RWIX
  EPWM1                 00006800   00000040  00000040  00000000  RWIX
  EPWM2                 00006840   00000040  00000040  00000000  RWIX
  EPWM3                 00006880   00000040  00000040  00000000  RWIX
  EPWM4                 000068c0   00000040  00000040  00000000  RWIX
  ECAP1                 00006a00   00000020  00000020  00000000  RWIX
  GPIOCTRL              00006f80   00000040  00000040  00000000  RWIX
  GPIODAT               00006fc0   00000020  00000020  00000000  RWIX
  GPIOINT               00006fe0   00000020  0000000a  00000016  RWIX
  SYSTEM                00007010   00000020  0000001f  00000001  RWIX
  SPIA                  00007040   00000010  00000010  00000000  RWIX
  SCIA                  00007050   00000010  00000010  00000000  RWIX
  NMIINTRUPT            00007060   00000010  00000010  00000000  RWIX
  XINTRUPT              00007070   00000010  00000010  00000000  RWIX
  ADC                   00007100   00000080  00000051  0000002f  RWIX
  I2CA                  00007900   00000040  00000022  0000001e  RWIX
  PARTID                003d7fff   00000001  00000001  00000000  RWIX
  CSM_PWL               003f7ff8   00000008  00000008  00000000  RWIX


SECTION ALLOCATION MAP

 output                                  attributes/
section   page    origin      length       input sections
--------  ----  ----------  ----------   ----------------
DevEmuRegsFile 
*          1    00000880    00000004     UNINITIALIZED
                  00000880    00000004     F2802x_GlobalVariableDefs.obj (DevEmuRegsFile)

SysPwrCtrlRegsFile 
*          1    00000985    00000003     UNINITIALIZED
                  00000985    00000003     F2802x_GlobalVariableDefs.obj (SysPwrCtrlRegsFile)

FlashRegsFile 
*          1    00000a80    00000008     UNINITIALIZED
                  00000a80    00000008     F2802x_GlobalVariableDefs.obj (FlashRegsFile)

CsmRegsFile 
*          1    00000ae0    00000010     UNINITIALIZED
                  00000ae0    00000010     F2802x_GlobalVariableDefs.obj (CsmRegsFile)

AdcResultFile 
*          1    00000b00    00000020     UNINITIALIZED
                  00000b00    00000020     F2802x_GlobalVariableDefs.obj (AdcResultFile)

CpuTimer0RegsFile 
*          1    00000c00    00000008     UNINITIALIZED
                  00000c00    00000008     F2802x_GlobalVariableDefs.obj (CpuTimer0RegsFile)

CpuTimer1RegsFile 
*          1    00000c08    00000008     UNINITIALIZED
                  00000c08    00000008     F2802x_GlobalVariableDefs.obj (CpuTimer1RegsFile)

CpuTimer2RegsFile 
*          1    00000c10    00000008     UNINITIALIZED
                  00000c10    00000008     F2802x_GlobalVariableDefs.obj (CpuTimer2RegsFile)

PieCtrlRegsFile 
*          1    00000ce0    0000001a     UNINITIALIZED
                  00000ce0    0000001a     F2802x_GlobalVariableDefs.obj (PieCtrlRegsFile)

PieVectTableFile 
*          1    00000d00    00000100     UNINITIALIZED
                  00000d00    00000100     F2802x_GlobalVariableDefs.obj (PieVectTableFile)

EmuKeyVar 
*          1    00000d00    00000001     UNINITIALIZED
                  00000d00    00000001     F2802x_GlobalVariableDefs.obj (EmuKeyVar)

EmuBModeVar 
*          1    00000d01    00000001     UNINITIALIZED
                  00000d01    00000001     F2802x_GlobalVariableDefs.obj (EmuBModeVar)

FlashCallbackVar 
*          1    00000d02    00000002     UNINITIALIZED
                  00000d02    00000002     F2802x_GlobalVariableDefs.obj (FlashCallbackVar)

FlashScalingVar 
*          1    00000d04    00000002     UNINITIALIZED
                  00000d04    00000002     F2802x_GlobalVariableDefs.obj (FlashScalingVar)

Comp1RegsFile 
*          1    00006400    00000011     UNINITIALIZED
                  00006400    00000011     F2802x_GlobalVariableDefs.obj (Comp1RegsFile)

Comp2RegsFile 
*          1    00006420    00000011     UNINITIALIZED
                  00006420    00000011     F2802x_GlobalVariableDefs.obj (Comp2RegsFile)

EPwm1RegsFile 
*          1    00006800    00000040     UNINITIALIZED
                  00006800    00000040     F2802x_GlobalVariableDefs.obj (EPwm1RegsFile)

EPwm2RegsFile 
*          1    00006840    00000040     UNINITIALIZED
                  00006840    00000040     F2802x_GlobalVariableDefs.obj (EPwm2RegsFile)

EPwm3RegsFile 
*          1    00006880    00000040     UNINITIALIZED
                  00006880    00000040     F2802x_GlobalVariableDefs.obj (EPwm3RegsFile)

EPwm4RegsFile 
*          1    000068c0    00000040     UNINITIALIZED
                  000068c0    00000040     F2802x_GlobalVariableDefs.obj (EPwm4RegsFile)

ECap1RegsFile 
*          1    00006a00    00000020     UNINITIALIZED
                  00006a00    00000020     F2802x_GlobalVariableDefs.obj (ECap1RegsFile)

GpioCtrlRegsFile 
*          1    00006f80    00000040     UNINITIALIZED
                  00006f80    00000040     F2802x_GlobalVariableDefs.obj (GpioCtrlRegsFile)

GpioDataRegsFile 
*          1    00006fc0    00000020     UNINITIALIZED
                  00006fc0    00000020     F2802x_GlobalVariableDefs.obj (GpioDataRegsFile)

GpioIntRegsFile 
*          1    00006fe0    0000000a     UNINITIALIZED
                  00006fe0    0000000a     F2802x_GlobalVariableDefs.obj (GpioIntRegsFile)

SysCtrlRegsFile 
*          1    00007010    0000001f     UNINITIALIZED
                  00007010    0000001f     F2802x_GlobalVariableDefs.obj (SysCtrlRegsFile)

SpiaRegsFile 
*          1    00007040    00000010     UNINITIALIZED
                  00007040    00000010     F2802x_GlobalVariableDefs.obj (SpiaRegsFile)

SciaRegsFile 
*          1    00007050    00000010     UNINITIALIZED
                  00007050    00000010     F2802x_GlobalVariableDefs.obj (SciaRegsFile)

NmiIntruptRegsFile 
*          1    00007060    00000010     UNINITIALIZED
                  00007060    00000010     F2802x_GlobalVariableDefs.obj (NmiIntruptRegsFile)

XIntruptRegsFile 
*          1    00007070    00000010     UNINITIALIZED
                  00007070    00000010     F2802x_GlobalVariableDefs.obj (XIntruptRegsFile)

AdcRegsFile 
*          1    00007100    00000051     UNINITIALIZED
                  00007100    00000051     F2802x_GlobalVariableDefs.obj (AdcRegsFile)

I2caRegsFile 
*          1    00007900    00000022     UNINITIALIZED
                  00007900    00000022     F2802x_GlobalVariableDefs.obj (I2caRegsFile)

PartIdRegsFile 
*          1    003d7fff    00000001     UNINITIALIZED
                  003d7fff    00000001     F2802x_GlobalVariableDefs.obj (PartIdRegsFile)

CsmPwlFile 
*          1    003f7ff8    00000008     UNINITIALIZED
                  003f7ff8    00000008     F2802x_GlobalVariableDefs.obj (CsmPwlFile)

.text      0    003f001f    000010ac     
                  003f001f    000003a1     Openloop_voltage_control.obj (.text)
                  003f03c0    0000022e     f2802x_adc.obj (.text)
                  003f05ee    0000013a     f2802x_sysctrl.obj (.text)
                  003f0728    000000ff     f2802x_defaultisr.obj (.text:retain)
                  003f0827    000000d1     rts2800_ml.lib : e_fmodf.c.obj (.text)
                  003f08f8    000000b1     DSP28xx_SciUtil.obj (.text)
                  003f09a9    0000008e     ert_main.obj (.text)
                  003f0a37    0000008c     rt_nonfinite.obj (.text)
                  003f0ac3    00000083     MW_c28xx_adc.obj (.text)
                  003f0b46    00000083     rts2800_ml.lib : fs_div28.asm.obj (.text)
                  003f0bc9    00000078                    : fs_add28.asm.obj (.text)
                  003f0c41    00000073     f2802x_cputimers.obj (.text)
                  003f0cb4    0000006a     rts2800_ml.lib : s_floorf.c.obj (.text)
                  003f0d1e    0000005a                    : fs_mpy28.asm.obj (.text)
                  003f0d78    00000054                    : boot28.asm.obj (.text)
                  003f0dcc    0000004f     c2802xSchedulerTimer0.obj (.text)
                  003f0e1b    00000048     MW_c28xx_csl.obj (.text)
                  003f0e63    00000040     MW_c28xx_board.obj (.text)
                  003f0ea3    0000003e     rtGetInf.obj (.text)
                  003f0ee1    0000002b     c2802xSchedulerTimer0.obj (.text:retain)
                  003f0f0c    00000029     rts2800_ml.lib : exit.c.obj (.text)
                  003f0f35    00000029                    : fs_tol28.asm.obj (.text)
                  003f0f5e    00000028     f2802x_piectrl.obj (.text)
                  003f0f86    00000027     rtGetNaN.obj (.text)
                  003f0fad    00000026     f2802x_pievect.obj (.text)
                  003f0fd3    00000024     rts2800_ml.lib : cpy_tbl.c.obj (.text)
                  003f0ff7    0000001d                    : fs_tou28.asm.obj (.text)
                  003f1014    0000001d                    : memcpy.c.obj (.text)
                  003f1031    00000019                    : args_main.c.obj (.text)
                  003f104a    00000017                    : fs_cmp28.asm.obj (.text)
                  003f1061    00000013                    : ul_tofs28.asm.obj (.text)
                  003f1074    00000011     MW_c28xGlobalInterrupts.obj (.text)
                  003f1085    00000010     rts2800_ml.lib : u_tofs28.asm.obj (.text)
                  003f1095    0000000f     c2802xBoard_Realtime_Support.obj (.text)
                  003f10a4    0000000e     MW_c28xx_pwm.obj (.text)
                  003f10b2    00000009     rts2800_ml.lib : _lock.c.obj (.text)
                  003f10bb    00000008     f2802x_codestartbranch.obj (.text)
                  003f10c3    00000005     rts2800_ml.lib : fs_neg28.asm.obj (.text)
                  003f10c8    00000002                    : pre_init.c.obj (.text)
                  003f10ca    00000001                    : startup.c.obj (.text)

.bss       0    00008000    00000000     UNINITIALIZED

.ebss      0    00008000    0000006f     UNINITIALIZED
                  00008000    00000020     Openloop_voltage_control_data.obj (.ebss)
                  00008020    00000018     Openloop_voltage_control.obj (.ebss)
                  00008038    00000006     rts2800_ml.lib : exit.c.obj (.ebss)
                  0000803e    00000002                    : _lock.c.obj (.ebss:__lock)
                  00008040    00000018     f2802x_cputimers.obj (.ebss)
                  00008058    0000000c     rt_nonfinite.obj (.ebss)
                  00008064    00000003     ert_main.obj (.ebss)
                  00008067    00000001     MW_c28xGPIO.obj (.ebss)
                  00008068    00000002     rts2800_ml.lib : _lock.c.obj (.ebss:__unlock)
                  0000806a    00000002     ert_main.obj (.ebss:_isRateRunning)
                  0000806c    00000002     ert_main.obj (.ebss:_need2runFlags)
                  0000806e    00000001     MW_c28xGlobalInterrupts.obj (.ebss)

.cinit     0    003f11dc    00000052     
                  003f11dc    00000022     Openloop_voltage_control_data.obj (.cinit)
                  003f11fe    0000000e     rts2800_ml.lib : exit.c.obj (.cinit)
                  003f120c    00000005                    : _lock.c.obj (.cinit:__lock)
                  003f1211    00000005                    : _lock.c.obj (.cinit:__unlock)
                  003f1216    00000005     ert_main.obj (.cinit:_isRateRunning)
                  003f121b    00000005     ert_main.obj (.cinit:_need2runFlags)
                  003f1220    00000004     MW_c28xGPIO.obj (.cinit)
                  003f1224    00000004     Openloop_voltage_control.obj (.cinit)
                  003f1228    00000004     ert_main.obj (.cinit)
                  003f122c    00000002     --HOLE-- [fill = 0]

.pinit     0    003f0000    00000000     UNINITIALIZED

.econst    0    003f10cc    00000110     
                  003f10cc    00000100     f2802x_pievect.obj (.econst:_PieVectTableInit)
                  003f11cc    00000004     Openloop_voltage_control.obj (.econst:.string)
                  003f11d0    00000004     rts2800_ml.lib : e_fmodf.c.obj (.econst:_Zero)
                  003f11d4    00000002     Openloop_voltage_control.obj (.econst)
                  003f11d6    00000002     rtGetNaN.obj (.econst:_$P$T0$1)
                  003f11d8    00000002     rts2800_ml.lib : e_fmodf.c.obj (.econst)
                  003f11da    00000002                    : s_floorf.c.obj (.econst)

.reset     0    003fffc0    00000002     DSECT
                  003fffc0    00000002     rts2800_ml.lib : boot28.asm.obj (.reset)

.data      0    00008000    00000000     UNINITIALIZED

.stack     1    00000002    00000200     UNINITIALIZED
                  00000002    00000200     --HOLE--

codestart 
*          0    003f7ff6    00000002     
                  003f7ff6    00000002     f2802x_codestartbranch.obj (codestart)

ramfuncs   0    003f0000    0000001f     RUN ADDR = 0000806f
                  003f0000    0000001b     f2802x_sysctrl.obj (ramfuncs)
                  003f001b    00000004     f2802x_usdelay.obj (ramfuncs)

MODULE SUMMARY

       Module                              code   initialized data   uninitialized data
       ------                              ----   ----------------   ------------------
    <current directory>
       F2802x_GlobalVariableDefs.obj       0      0                  1022              
       Openloop_voltage_control.obj        929    10                 24                
       f2802x_adc.obj                      558    0                  0                 
       f2802x_sysctrl.obj                  368    0                  0                 
       f2802x_pievect.obj                  38     256                0                 
       f2802x_defaultisr.obj               255    0                  0                 
       DSP28xx_SciUtil.obj                 177    0                  0                 
       ert_main.obj                        142    14                 7                 
       rt_nonfinite.obj                    140    0                  12                
       f2802x_cputimers.obj                115    0                  24                
       MW_c28xx_adc.obj                    131    0                  0                 
       c2802xSchedulerTimer0.obj           122    0                  0                 
       MW_c28xx_csl.obj                    72     0                  0                 
       Openloop_voltage_control_data.obj   0      34                 32                
       MW_c28xx_board.obj                  64     0                  0                 
       rtGetInf.obj                        62     0                  0                 
       rtGetNaN.obj                        39     2                  0                 
       f2802x_piectrl.obj                  40     0                  0                 
       MW_c28xGlobalInterrupts.obj         17     0                  1                 
       c2802xBoard_Realtime_Support.obj    15     0                  0                 
       MW_c28xx_pwm.obj                    14     0                  0                 
       f2802x_codestartbranch.obj          10     0                  0                 
       f2802x_usdelay.obj                  8      0                  0                 
       MW_c28xGPIO.obj                     0      4                  1                 
    +--+-----------------------------------+------+------------------+--------------------+
       Total:                              3316   320                1123              
                                                                                       
    C:/PROGRA~3/MATLAB/SUPPOR~1/R2020b/3P778C~1.INS/TIC200~1.INS/TI-CGT~1.LTS/lib/rts2800_ml.lib
       e_fmodf.c.obj                       209    6                  0                 
       fs_div28.asm.obj                    131    0                  0                 
       fs_add28.asm.obj                    120    0                  0                 
       s_floorf.c.obj                      106    2                  0                 
       fs_mpy28.asm.obj                    90     0                  0                 
       boot28.asm.obj                      84     0                  0                 
       exit.c.obj                          41     14                 6                 
       fs_tol28.asm.obj                    41     0                  0                 
       cpy_tbl.c.obj                       36     0                  0                 
       fs_tou28.asm.obj                    29     0                  0                 
       memcpy.c.obj                        29     0                  0                 
       args_main.c.obj                     25     0                  0                 
       _lock.c.obj                         9      10                 4                 
       fs_cmp28.asm.obj                    23     0                  0                 
       ul_tofs28.asm.obj                   19     0                  0                 
       u_tofs28.asm.obj                    16     0                  0                 
       fs_neg28.asm.obj                    5      0                  0                 
       pre_init.c.obj                      2      0                  0                 
       startup.c.obj                       1      0                  0                 
    +--+-----------------------------------+------+------------------+--------------------+
       Total:                              1016   32                 10                
                                                                                       
       Stack:                              0      0                  512               
    +--+-----------------------------------+------+------------------+--------------------+
       Grand Total:                        4332   352                1645              


GLOBAL DATA SYMBOLS: SORTED BY DATA PAGE

address     data page           name
--------    ----------------    ----
00000002       0 (00000000)     __stack

00000880      22 (00000880)     _DevEmuRegs

00000985      26 (00000980)     _SysPwrCtrlRegs

00000a80      2a (00000a80)     _FlashRegs

00000ae0      2b (00000ac0)     _CsmRegs

00000b00      2c (00000b00)     _AdcResult

00000c00      30 (00000c00)     _CpuTimer0Regs
00000c08      30 (00000c00)     _CpuTimer1Regs
00000c10      30 (00000c00)     _CpuTimer2Regs

00000ce0      33 (00000cc0)     _PieCtrlRegs

00000d00      34 (00000d00)     _EmuKey
00000d00      34 (00000d00)     _PieVectTable
00000d01      34 (00000d00)     _EmuBMode
00000d02      34 (00000d00)     _Flash_CallbackPtr
00000d04      34 (00000d00)     _Flash_CPUScaleFactor

00006400     190 (00006400)     _Comp1Regs
00006420     190 (00006400)     _Comp2Regs

00006800     1a0 (00006800)     _EPwm1Regs

00006840     1a1 (00006840)     _EPwm2Regs

00006880     1a2 (00006880)     _EPwm3Regs

000068c0     1a3 (000068c0)     _EPwm4Regs

00006a00     1a8 (00006a00)     _ECap1Regs

00006f80     1be (00006f80)     _GpioCtrlRegs

00006fc0     1bf (00006fc0)     _GpioDataRegs
00006fe0     1bf (00006fc0)     _GpioIntRegs

00007010     1c0 (00007000)     _SysCtrlRegs

00007040     1c1 (00007040)     _SpiaRegs
00007050     1c1 (00007040)     _SciaRegs
00007060     1c1 (00007040)     _NmiIntruptRegs
00007070     1c1 (00007040)     _XIntruptRegs

00007100     1c4 (00007100)     _AdcRegs

00007900     1e4 (00007900)     _I2caRegs

00008000     200 (00008000)     _Openloop_voltage_control_P
00008020     200 (00008000)     _Openloop_voltage_control_DW
00008021     200 (00008000)     _MW_adcInitFlag
00008022     200 (00008000)     _Openloop_voltage_contro_PrevZCX
00008028     200 (00008000)     _Openloop_voltage_control_B
00008038     200 (00008000)     ___TI_enable_exit_profile_output
0000803a     200 (00008000)     ___TI_cleanup_ptr
0000803c     200 (00008000)     ___TI_dtors_ptr
0000803e     200 (00008000)     __lock

00008040     201 (00008040)     _CpuTimer0
00008048     201 (00008040)     _CpuTimer1
00008050     201 (00008040)     _CpuTimer2
00008058     201 (00008040)     _rtInf
0000805a     201 (00008040)     _rtMinusInf
0000805c     201 (00008040)     _rtNaN
0000805e     201 (00008040)     _rtInfF
00008060     201 (00008040)     _rtMinusInfF
00008062     201 (00008040)     _rtNaNF
00008064     201 (00008040)     _IsrOverrun
00008065     201 (00008040)     _stopRequested
00008066     201 (00008040)     _runModel
00008067     201 (00008040)     _GPIO_oneTimeInit
00008068     201 (00008040)     __unlock
0000806a     201 (00008040)     _isRateRunning
0000806c     201 (00008040)     _need2runFlags
0000806e     201 (00008040)     _MW_InterruptDisableLock

003d7fff    f5ff (003d7fc0)     _PartIdRegs

003f10cc    fc43 (003f10c0)     _PieVectTableInit

003f11d4    fc47 (003f11c0)     _Openloop_voltage_control_M

003f7ff8    fdff (003f7fc0)     _CsmPwl


GLOBAL SYMBOLS: SORTED ALPHABETICALLY BY Name 

page  address   name                                              
----  -------   ----                                              
0     00008000  .bss                                              
0     00008000  .data                                             
0     003f001f  .text                                             
0     003f0f0c  C$$EXIT                                           
0     003f0bce  FS$$ADD                                           
0     003f104a  FS$$CMP                                           
0     003f0b46  FS$$DIV                                           
0     003f0d1e  FS$$MPY                                           
0     003f10c3  FS$$NEG                                           
0     003f0bc9  FS$$SUB                                           
0     003f0f35  FS$$TOL                                           
0     003f0ff7  FS$$TOU                                           
0     003f1085  U$$TOFS                                           
0     003f1061  UL$$TOFS                                          
0     003f0787  _ADCINT1_ISR                                      
0     003f078c  _ADCINT2_ISR                                      
0     003f07f5  _ADCINT3_ISR                                      
0     003f07fa  _ADCINT4_ISR                                      
0     003f07ff  _ADCINT5_ISR                                      
0     003f0804  _ADCINT6_ISR                                      
0     003f0809  _ADCINT7_ISR                                      
0     003f080e  _ADCINT8_ISR                                      
0     003f079b  _ADCINT9_ISR                                      
0     003f0428  _AdcChanSelect                                    
0     003f049d  _AdcConversion                                    
0     003f0401  _AdcOffsetSelfCal                                 
1     00007100  _AdcRegs                                          
1     00000b00  _AdcResult                                        
1     00006400  _Comp1Regs                                        
1     00006420  _Comp2Regs                                        
0     003f0c82  _ConfigCpuTimer                                   
0     00008040  _CpuTimer0                                        
1     00000c00  _CpuTimer0Regs                                    
0     00008048  _CpuTimer1                                        
1     00000c08  _CpuTimer1Regs                                    
0     00008050  _CpuTimer2                                        
1     00000c10  _CpuTimer2Regs                                    
1     003f7ff8  _CsmPwl                                           
1     00000ae0  _CsmRegs                                          
0     003f06a1  _CsmUnlock                                        
0     003f0732  _DATALOG_ISR                                      
0     0000808a  _DSP28x_usDelay                                   
1     00000880  _DevEmuRegs                                       
0     003f0612  _DisableDog                                       
0     003f07d2  _ECAP1_INT_ISR                                    
1     00006a00  _ECap1Regs                                        
0     003f0818  _EMPTY_ISR                                        
0     003f073c  _EMUINT_ISR                                       
0     003f07be  _EPWM1_INT_ISR                                    
0     003f07aa  _EPWM1_TZINT_ISR                                  
0     003f07c3  _EPWM2_INT_ISR                                    
0     003f07af  _EPWM2_TZINT_ISR                                  
0     003f07c8  _EPWM3_INT_ISR                                    
0     003f07b4  _EPWM3_TZINT_ISR                                  
0     003f07cd  _EPWM4_INT_ISR                                    
0     003f07b9  _EPWM4_TZINT_ISR                                  
1     00006800  _EPwm1Regs                                        
1     00006840  _EPwm2Regs                                        
1     00006880  _EPwm3Regs                                        
1     000068c0  _EPwm4Regs                                        
1     00000d01  _EmuBMode                                         
1     00000d00  _EmuKey                                           
0     003f0f7d  _EnableInterrupts                                 
0     003f0712  _ExtOscSel                                        
1     00000a80  _FlashRegs                                        
1     00000d04  _Flash_CPUScaleFactor                             
1     00000d02  _Flash_CallbackPtr                                
0     00008067  _GPIO_oneTimeInit                                 
1     00006f80  _GpioCtrlRegs                                     
1     00006fc0  _GpioDataRegs                                     
1     00006fe0  _GpioIntRegs                                      
0     003f07e1  _I2CINT1A_ISR                                     
0     003f07e6  _I2CINT2A_ISR                                     
1     00007900  _I2caRegs                                         
0     003f0746  _ILLEGAL_ISR                                      
0     003f0728  _INT13_ISR                                        
0     003f072d  _INT14_ISR                                        
0     003f03c0  _InitAdc                                          
0     003f03df  _InitAdcAio                                       
0     003f0c41  _InitCpuTimers                                    
0     0000806f  _InitFlash                                        
0     003f066f  _InitPeripheralClocks                             
0     003f0f5e  _InitPieCtrl                                      
0     003f0fad  _InitPieVectTable                                 
0     003f061a  _InitPll                                          
0     003f05ee  _InitSysCtrl                                      
0     003f06d2  _IntOsc1Sel                                       
0     003f06e2  _IntOsc2Sel                                       
0     00008064  _IsrOverrun                                       
0     0000806e  _MW_InterruptDisableLock                          
0     00008021  _MW_adcInitFlag                                   
0     003f0741  _NMI_ISR                                          
1     00007060  _NmiIntruptRegs                                   
0     00008022  _Openloop_voltage_contro_PrevZCX                  
0     00008028  _Openloop_voltage_control_B                       
0     00008020  _Openloop_voltage_control_DW                      
0     003f11d4  _Openloop_voltage_control_M                       
0     00008000  _Openloop_voltage_control_P                       
0     003f001f  _Openloop_voltage_control_SetEventsForThisBaseStep
0     003f02ab  _Openloop_voltage_control_initialize              
0     003f0038  _Openloop_voltage_control_step0                   
0     003f02a4  _Openloop_voltage_control_step1                   
0     003f03bf  _Openloop_voltage_control_terminate               
0     003f081d  _PIE_RESERVED                                     
1     003d7fff  _PartIdRegs                                       
1     00000ce0  _PieCtrlRegs                                      
1     00000d00  _PieVectTable                                     
0     003f10cc  _PieVectTableInit                                 
0     003f0737  _RTOSINT_ISR                                      
0     003f001f  _RamfuncsLoadEnd                                  
0     003f0000  _RamfuncsLoadStart                                
0     0000806f  _RamfuncsRunStart                                 
0     003f07eb  _SCIRXINTA_ISR                                    
0     003f07f0  _SCITXINTA_ISR                                    
0     003f07d7  _SPIRXINTA_ISR                                    
0     003f07dc  _SPITXINTA_ISR                                    
1     00007050  _SciaRegs                                         
0     003f0608  _ServiceDog                                       
1     00007040  _SpiaRegs                                         
1     00007010  _SysCtrlRegs                                      
1     00000985  _SysPwrCtrlRegs                                   
0     003f07a0  _TINT0_ISR                                        
0     003f0ee1  _TINT0_isr                                        
0     003f0778  _USER10_ISR                                       
0     003f077d  _USER11_ISR                                       
0     003f0782  _USER12_ISR                                       
0     003f074b  _USER1_ISR                                        
0     003f0750  _USER2_ISR                                        
0     003f0755  _USER3_ISR                                        
0     003f075a  _USER4_ISR                                        
0     003f075f  _USER5_ISR                                        
0     003f0764  _USER6_ISR                                        
0     003f0769  _USER7_ISR                                        
0     003f076e  _USER8_ISR                                        
0     003f0773  _USER9_ISR                                        
0     003f07a5  _WAKEINT_ISR                                      
0     003f0791  _XINT1_ISR                                        
0     003f0796  _XINT2_ISR                                        
0     003f0813  _XINT3_ISR                                        
1     00007070  _XIntruptRegs                                     
0     003f06f6  _XtalOscSel                                       
1     00000202  __STACK_END                                       
abs   00000200  __STACK_SIZE                                      
0     0000803a  ___TI_cleanup_ptr                                 
0     0000803c  ___TI_dtors_ptr                                   
0     00008038  ___TI_enable_exit_profile_output                  
abs   ffffffff  ___TI_pprof_out_hndl                              
abs   ffffffff  ___TI_prof_data_size                              
abs   ffffffff  ___TI_prof_data_start                             
abs   ffffffff  ___binit__                                        
0     00008000  ___bss__                                          
abs   ffffffff  ___c_args__                                       
0     003f11dc  ___cinit__                                        
0     00008000  ___data__                                         
0     00008000  ___edata__                                        
0     00008000  ___end__                                          
0     003f10cb  ___etext__                                        
abs   ffffffff  ___pinit__                                        
0     003f001f  ___text__                                         
0     003f1031  __args_main                                       
0     0000803e  __lock                                            
0     003f10ba  __nop                                             
0     003f10b6  __register_lock                                   
0     003f10b2  __register_unlock                                 
1     00000002  __stack                                           
0     003f10ca  __system_post_cinit                               
0     003f10c8  __system_pre_init                                 
0     00008068  __unlock                                          
0     003f0f0c  _abort                                            
0     003f0976  _byteswap_L8cmp                                   
0     003f1095  _c2000_flash_init                                 
0     003f0d78  _c_int00                                          
0     003f0aee  _config_ADC_SOC0                                  
0     003f0ac3  _config_ADC_SOC2                                  
0     003f0b1a  _config_ADC_SOC8                                  
0     003f10a4  _config_ePWM_GPIO                                 
0     003f0e61  _configureGPIOExtInterrupt                        
0     003f0dcc  _configureTimer0                                  
0     003f0fd3  _copy_in                                          
0     003f0dfa  _disableTimer0Interrupt                           
0     003f0e1b  _disableWatchdog                                  
0     003f0e62  _enableExtInterrupt                               
0     003f0df2  _enableTimer0Interrupt                            
0     003f0f0e  _exit                                             
0     003f0cb4  _floor                                            
0     003f0cb4  _floorf                                           
0     003f0827  _fmod                                             
0     003f0827  _fmodf                                            
0     003f107c  _globalInterruptDisable                           
0     003f1074  _globalInterruptEnable                            
0     003f0e26  _init_SCI                                         
0     003f0e54  _init_SCI_GPIO                                    
0     003f0e63  _init_board                                       
0     0000806a  _isRateRunning                                    
0     003f09ee  _main                                             
0     003f1014  _memcpy                                           
0     0000806c  _need2runFlags                                    
0     003f0e10  _restoreTimer0Interrupt                           
0     003f0822  _rsvd_ISR                                         
0     003f0ea3  _rtGetInf                                         
0     003f0eba  _rtGetInfF                                        
0     003f0ec2  _rtGetMinusInf                                    
0     003f0ed9  _rtGetMinusInfF                                   
0     003f0f86  _rtGetNaN                                         
0     003f0f9d  _rtGetNaNF                                        
0     00008058  _rtInf                                            
0     0000805e  _rtInfF                                           
0     003f0a59  _rtIsInf                                          
0     003f0a72  _rtIsInfF                                         
0     003f0a8b  _rtIsNaN                                          
0     003f0aae  _rtIsNaNF                                         
0     0000805a  _rtMinusInf                                       
0     00008060  _rtMinusInfF                                      
0     0000805c  _rtNaN                                            
0     00008062  _rtNaNF                                           
0     003f0a37  _rt_InitInfAndNaN                                 
0     003f09a9  _rt_OneStep                                       
0     00008066  _runModel                                         
0     003f08f8  _scia_rcv                                         
0     00008065  _stopRequested                                    
abs   ffffffff  binit                                             
0     003f11dc  cinit                                             
0     003f7ff6  code_start                                        
0     00008000  edata                                             
0     00008000  end                                               
0     003f10cb  etext                                             
abs   ffffffff  pinit                                             


GLOBAL SYMBOLS: SORTED BY Symbol Address 

page  address   name                                              
----  -------   ----                                              
0     00008000  .bss                                              
0     00008000  .data                                             
0     00008000  _Openloop_voltage_control_P                       
0     00008000  ___bss__                                          
0     00008000  ___data__                                         
0     00008000  ___edata__                                        
0     00008000  ___end__                                          
0     00008000  edata                                             
0     00008000  end                                               
0     00008020  _Openloop_voltage_control_DW                      
0     00008021  _MW_adcInitFlag                                   
0     00008022  _Openloop_voltage_contro_PrevZCX                  
0     00008028  _Openloop_voltage_control_B                       
0     00008038  ___TI_enable_exit_profile_output                  
0     0000803a  ___TI_cleanup_ptr                                 
0     0000803c  ___TI_dtors_ptr                                   
0     0000803e  __lock                                            
0     00008040  _CpuTimer0                                        
0     00008048  _CpuTimer1                                        
0     00008050  _CpuTimer2                                        
0     00008058  _rtInf                                            
0     0000805a  _rtMinusInf                                       
0     0000805c  _rtNaN                                            
0     0000805e  _rtInfF                                           
0     00008060  _rtMinusInfF                                      
0     00008062  _rtNaNF                                           
0     00008064  _IsrOverrun                                       
0     00008065  _stopRequested                                    
0     00008066  _runModel                                         
0     00008067  _GPIO_oneTimeInit                                 
0     00008068  __unlock                                          
0     0000806a  _isRateRunning                                    
0     0000806c  _need2runFlags                                    
0     0000806e  _MW_InterruptDisableLock                          
0     0000806f  _InitFlash                                        
0     0000806f  _RamfuncsRunStart                                 
0     0000808a  _DSP28x_usDelay                                   
0     003f0000  _RamfuncsLoadStart                                
0     003f001f  .text                                             
0     003f001f  _Openloop_voltage_control_SetEventsForThisBaseStep
0     003f001f  _RamfuncsLoadEnd                                  
0     003f001f  ___text__                                         
0     003f0038  _Openloop_voltage_control_step0                   
0     003f02a4  _Openloop_voltage_control_step1                   
0     003f02ab  _Openloop_voltage_control_initialize              
0     003f03bf  _Openloop_voltage_control_terminate               
0     003f03c0  _InitAdc                                          
0     003f03df  _InitAdcAio                                       
0     003f0401  _AdcOffsetSelfCal                                 
0     003f0428  _AdcChanSelect                                    
0     003f049d  _AdcConversion                                    
0     003f05ee  _InitSysCtrl                                      
0     003f0608  _ServiceDog                                       
0     003f0612  _DisableDog                                       
0     003f061a  _InitPll                                          
0     003f066f  _InitPeripheralClocks                             
0     003f06a1  _CsmUnlock                                        
0     003f06d2  _IntOsc1Sel                                       
0     003f06e2  _IntOsc2Sel                                       
0     003f06f6  _XtalOscSel                                       
0     003f0712  _ExtOscSel                                        
0     003f0728  _INT13_ISR                                        
0     003f072d  _INT14_ISR                                        
0     003f0732  _DATALOG_ISR                                      
0     003f0737  _RTOSINT_ISR                                      
0     003f073c  _EMUINT_ISR                                       
0     003f0741  _NMI_ISR                                          
0     003f0746  _ILLEGAL_ISR                                      
0     003f074b  _USER1_ISR                                        
0     003f0750  _USER2_ISR                                        
0     003f0755  _USER3_ISR                                        
0     003f075a  _USER4_ISR                                        
0     003f075f  _USER5_ISR                                        
0     003f0764  _USER6_ISR                                        
0     003f0769  _USER7_ISR                                        
0     003f076e  _USER8_ISR                                        
0     003f0773  _USER9_ISR                                        
0     003f0778  _USER10_ISR                                       
0     003f077d  _USER11_ISR                                       
0     003f0782  _USER12_ISR                                       
0     003f0787  _ADCINT1_ISR                                      
0     003f078c  _ADCINT2_ISR                                      
0     003f0791  _XINT1_ISR                                        
0     003f0796  _XINT2_ISR                                        
0     003f079b  _ADCINT9_ISR                                      
0     003f07a0  _TINT0_ISR                                        
0     003f07a5  _WAKEINT_ISR                                      
0     003f07aa  _EPWM1_TZINT_ISR                                  
0     003f07af  _EPWM2_TZINT_ISR                                  
0     003f07b4  _EPWM3_TZINT_ISR                                  
0     003f07b9  _EPWM4_TZINT_ISR                                  
0     003f07be  _EPWM1_INT_ISR                                    
0     003f07c3  _EPWM2_INT_ISR                                    
0     003f07c8  _EPWM3_INT_ISR                                    
0     003f07cd  _EPWM4_INT_ISR                                    
0     003f07d2  _ECAP1_INT_ISR                                    
0     003f07d7  _SPIRXINTA_ISR                                    
0     003f07dc  _SPITXINTA_ISR                                    
0     003f07e1  _I2CINT1A_ISR                                     
0     003f07e6  _I2CINT2A_ISR                                     
0     003f07eb  _SCIRXINTA_ISR                                    
0     003f07f0  _SCITXINTA_ISR                                    
0     003f07f5  _ADCINT3_ISR                                      
0     003f07fa  _ADCINT4_ISR                                      
0     003f07ff  _ADCINT5_ISR                                      
0     003f0804  _ADCINT6_ISR                                      
0     003f0809  _ADCINT7_ISR                                      
0     003f080e  _ADCINT8_ISR                                      
0     003f0813  _XINT3_ISR                                        
0     003f0818  _EMPTY_ISR                                        
0     003f081d  _PIE_RESERVED                                     
0     003f0822  _rsvd_ISR                                         
0     003f0827  _fmod                                             
0     003f0827  _fmodf                                            
0     003f08f8  _scia_rcv                                         
0     003f0976  _byteswap_L8cmp                                   
0     003f09a9  _rt_OneStep                                       
0     003f09ee  _main                                             
0     003f0a37  _rt_InitInfAndNaN                                 
0     003f0a59  _rtIsInf                                          
0     003f0a72  _rtIsInfF                                         
0     003f0a8b  _rtIsNaN                                          
0     003f0aae  _rtIsNaNF                                         
0     003f0ac3  _config_ADC_SOC2                                  
0     003f0aee  _config_ADC_SOC0                                  
0     003f0b1a  _config_ADC_SOC8                                  
0     003f0b46  FS$$DIV                                           
0     003f0bc9  FS$$SUB                                           
0     003f0bce  FS$$ADD                                           
0     003f0c41  _InitCpuTimers                                    
0     003f0c82  _ConfigCpuTimer                                   
0     003f0cb4  _floor                                            
0     003f0cb4  _floorf                                           
0     003f0d1e  FS$$MPY                                           
0     003f0d78  _c_int00                                          
0     003f0dcc  _configureTimer0                                  
0     003f0df2  _enableTimer0Interrupt                            
0     003f0dfa  _disableTimer0Interrupt                           
0     003f0e10  _restoreTimer0Interrupt                           
0     003f0e1b  _disableWatchdog                                  
0     003f0e26  _init_SCI                                         
0     003f0e54  _init_SCI_GPIO                                    
0     003f0e61  _configureGPIOExtInterrupt                        
0     003f0e62  _enableExtInterrupt                               
0     003f0e63  _init_board                                       
0     003f0ea3  _rtGetInf                                         
0     003f0eba  _rtGetInfF                                        
0     003f0ec2  _rtGetMinusInf                                    
0     003f0ed9  _rtGetMinusInfF                                   
0     003f0ee1  _TINT0_isr                                        
0     003f0f0c  C$$EXIT                                           
0     003f0f0c  _abort                                            
0     003f0f0e  _exit                                             
0     003f0f35  FS$$TOL                                           
0     003f0f5e  _InitPieCtrl                                      
0     003f0f7d  _EnableInterrupts                                 
0     003f0f86  _rtGetNaN                                         
0     003f0f9d  _rtGetNaNF                                        
0     003f0fad  _InitPieVectTable                                 
0     003f0fd3  _copy_in                                          
0     003f0ff7  FS$$TOU                                           
0     003f1014  _memcpy                                           
0     003f1031  __args_main                                       
0     003f104a  FS$$CMP                                           
0     003f1061  UL$$TOFS                                          
0     003f1074  _globalInterruptEnable                            
0     003f107c  _globalInterruptDisable                           
0     003f1085  U$$TOFS                                           
0     003f1095  _c2000_flash_init                                 
0     003f10a4  _config_ePWM_GPIO                                 
0     003f10b2  __register_unlock                                 
0     003f10b6  __register_lock                                   
0     003f10ba  __nop                                             
0     003f10c3  FS$$NEG                                           
0     003f10c8  __system_pre_init                                 
0     003f10ca  __system_post_cinit                               
0     003f10cb  ___etext__                                        
0     003f10cb  etext                                             
0     003f10cc  _PieVectTableInit                                 
0     003f11d4  _Openloop_voltage_control_M                       
0     003f11dc  ___cinit__                                        
0     003f11dc  cinit                                             
0     003f7ff6  code_start                                        
1     00000002  __stack                                           
1     00000202  __STACK_END                                       
1     00000880  _DevEmuRegs                                       
1     00000985  _SysPwrCtrlRegs                                   
1     00000a80  _FlashRegs                                        
1     00000ae0  _CsmRegs                                          
1     00000b00  _AdcResult                                        
1     00000c00  _CpuTimer0Regs                                    
1     00000c08  _CpuTimer1Regs                                    
1     00000c10  _CpuTimer2Regs                                    
1     00000ce0  _PieCtrlRegs                                      
1     00000d00  _EmuKey                                           
1     00000d00  _PieVectTable                                     
1     00000d01  _EmuBMode                                         
1     00000d02  _Flash_CallbackPtr                                
1     00000d04  _Flash_CPUScaleFactor                             
1     00006400  _Comp1Regs                                        
1     00006420  _Comp2Regs                                        
1     00006800  _EPwm1Regs                                        
1     00006840  _EPwm2Regs                                        
1     00006880  _EPwm3Regs                                        
1     000068c0  _EPwm4Regs                                        
1     00006a00  _ECap1Regs                                        
1     00006f80  _GpioCtrlRegs                                     
1     00006fc0  _GpioDataRegs                                     
1     00006fe0  _GpioIntRegs                                      
1     00007010  _SysCtrlRegs                                      
1     00007040  _SpiaRegs                                         
1     00007050  _SciaRegs                                         
1     00007060  _NmiIntruptRegs                                   
1     00007070  _XIntruptRegs                                     
1     00007100  _AdcRegs                                          
1     00007900  _I2caRegs                                         
1     003d7fff  _PartIdRegs                                       
1     003f7ff8  _CsmPwl                                           
abs   00000200  __STACK_SIZE                                      
abs   ffffffff  ___TI_pprof_out_hndl                              
abs   ffffffff  ___TI_prof_data_size                              
abs   ffffffff  ___TI_prof_data_start                             
abs   ffffffff  ___binit__                                        
abs   ffffffff  ___c_args__                                       
abs   ffffffff  ___pinit__                                        
abs   ffffffff  binit                                             
abs   ffffffff  pinit                                             

[227 symbols]
