******************************************************************************
             TMS320C2000 Linker PC v18.12.2                    
******************************************************************************
>> Linked Fri Aug 26 13:30:23 2022

OUTPUT FILE NAME:   <../Openloop_voltage_control.out>
ENTRY POINT SYMBOL: "_c_int00"  address: 003f0bad


MEMORY CONFIGURATION

         name            origin    length      used     unused   attr    fill
----------------------  --------  ---------  --------  --------  ----  --------
PAGE 0:
  BEGINRAM              00000000   00000002  00000000  00000002  RWIX
  PRAML0                00008000   00001000  0000007b  00000f85  RWIX
  OTP                   003d7800   00000400  00000000  00000400  RWIX
  FLASH                 003f0000   00007ff6  00000fe3  00007013  RWIX
  BEGINFLASH            003f7ff6   00000002  00000002  00000000  RWIX
  CSM_PWL               003f7ff8   00000008  00000000  00000008  RWIX
  IQTABLES              003fe000   00000b50  00000000  00000b50  RWIX
  IQTABLES2             003feb50   0000008c  00000000  0000008c  RWIX
  IQTABLES3             003febdc   000000aa  00000000  000000aa  RWIX
  BOOTROM               003ff27c   00000d44  00000000  00000d44  RWIX
  RESET                 003fffc0   00000002  00000000  00000002  RWIX
  VECTORS               003fffc2   0000003e  00000000  0000003e  RWIX

PAGE 1:
  RAMM0M1               00000002   000007fe  00000200  000005fe  RWIX
  DEV_EMU               00000880   00000105  00000004  00000101  RWIX
  SYS_PWR_CTL           00000985   00000003  00000003  00000000  RWIX
  FLASH_REGS            00000a80   00000060  00000008  00000058  RWIX
  CSM                   00000ae0   00000010  00000010  00000000  RWIX
  ADC_RESULT            00000b00   00000020  00000020  00000000  RWIX
  CPU_TIMER0            00000c00   00000008  00000008  00000000  RWIX
  CPU_TIMER1            00000c08   00000008  00000008  00000000  RWIX
  CPU_TIMER2            00000c10   00000008  00000008  00000000  RWIX
  PIE_CTRL              00000ce0   00000020  0000001a  00000006  RWIX
  PIE_VECT              00000d00   00000100  00000100  00000000  RWIX
  COMP1                 00006400   00000020  00000011  0000000f  RWIX
  COMP2                 00006420   00000020  00000011  0000000f  RWIX
  EPWM1                 00006800   00000040  00000040  00000000  RWIX
  EPWM2                 00006840   00000040  00000040  00000000  RWIX
  EPWM3                 00006880   00000040  00000040  00000000  RWIX
  EPWM4                 000068c0   00000040  00000040  00000000  RWIX
  ECAP1                 00006a00   00000020  00000020  00000000  RWIX
  GPIOCTRL              00006f80   00000040  00000040  00000000  RWIX
  GPIODAT               00006fc0   00000020  00000020  00000000  RWIX
  GPIOINT               00006fe0   00000020  0000000a  00000016  RWIX
  SYSTEM                00007010   00000020  0000001f  00000001  RWIX
  SPIA                  00007040   00000010  00000010  00000000  RWIX
  SCIA                  00007050   00000010  00000010  00000000  RWIX
  NMIINTRUPT            00007060   00000010  00000010  00000000  RWIX
  XINTRUPT              00007070   00000010  00000010  00000000  RWIX
  ADC                   00007100   00000080  00000051  0000002f  RWIX
  I2CA                  00007900   00000040  00000022  0000001e  RWIX
  PARTID                003d7fff   00000001  00000001  00000000  RWIX
  CSM_PWL               003f7ff8   00000008  00000008  00000000  RWIX


SECTION ALLOCATION MAP

 output                                  attributes/
section   page    origin      length       input sections
--------  ----  ----------  ----------   ----------------
DevEmuRegsFile 
*          1    00000880    00000004     UNINITIALIZED
                  00000880    00000004     F2802x_GlobalVariableDefs.obj (DevEmuRegsFile)

SysPwrCtrlRegsFile 
*          1    00000985    00000003     UNINITIALIZED
                  00000985    00000003     F2802x_GlobalVariableDefs.obj (SysPwrCtrlRegsFile)

FlashRegsFile 
*          1    00000a80    00000008     UNINITIALIZED
                  00000a80    00000008     F2802x_GlobalVariableDefs.obj (FlashRegsFile)

CsmRegsFile 
*          1    00000ae0    00000010     UNINITIALIZED
                  00000ae0    00000010     F2802x_GlobalVariableDefs.obj (CsmRegsFile)

AdcResultFile 
*          1    00000b00    00000020     UNINITIALIZED
                  00000b00    00000020     F2802x_GlobalVariableDefs.obj (AdcResultFile)

CpuTimer0RegsFile 
*          1    00000c00    00000008     UNINITIALIZED
                  00000c00    00000008     F2802x_GlobalVariableDefs.obj (CpuTimer0RegsFile)

CpuTimer1RegsFile 
*          1    00000c08    00000008     UNINITIALIZED
                  00000c08    00000008     F2802x_GlobalVariableDefs.obj (CpuTimer1RegsFile)

CpuTimer2RegsFile 
*          1    00000c10    00000008     UNINITIALIZED
                  00000c10    00000008     F2802x_GlobalVariableDefs.obj (CpuTimer2RegsFile)

PieCtrlRegsFile 
*          1    00000ce0    0000001a     UNINITIALIZED
                  00000ce0    0000001a     F2802x_GlobalVariableDefs.obj (PieCtrlRegsFile)

PieVectTableFile 
*          1    00000d00    00000100     UNINITIALIZED
                  00000d00    00000100     F2802x_GlobalVariableDefs.obj (PieVectTableFile)

EmuKeyVar 
*          1    00000d00    00000001     UNINITIALIZED
                  00000d00    00000001     F2802x_GlobalVariableDefs.obj (EmuKeyVar)

EmuBModeVar 
*          1    00000d01    00000001     UNINITIALIZED
                  00000d01    00000001     F2802x_GlobalVariableDefs.obj (EmuBModeVar)

FlashCallbackVar 
*          1    00000d02    00000002     UNINITIALIZED
                  00000d02    00000002     F2802x_GlobalVariableDefs.obj (FlashCallbackVar)

FlashScalingVar 
*          1    00000d04    00000002     UNINITIALIZED
                  00000d04    00000002     F2802x_GlobalVariableDefs.obj (FlashScalingVar)

Comp1RegsFile 
*          1    00006400    00000011     UNINITIALIZED
                  00006400    00000011     F2802x_GlobalVariableDefs.obj (Comp1RegsFile)

Comp2RegsFile 
*          1    00006420    00000011     UNINITIALIZED
                  00006420    00000011     F2802x_GlobalVariableDefs.obj (Comp2RegsFile)

EPwm1RegsFile 
*          1    00006800    00000040     UNINITIALIZED
                  00006800    00000040     F2802x_GlobalVariableDefs.obj (EPwm1RegsFile)

EPwm2RegsFile 
*          1    00006840    00000040     UNINITIALIZED
                  00006840    00000040     F2802x_GlobalVariableDefs.obj (EPwm2RegsFile)

EPwm3RegsFile 
*          1    00006880    00000040     UNINITIALIZED
                  00006880    00000040     F2802x_GlobalVariableDefs.obj (EPwm3RegsFile)

EPwm4RegsFile 
*          1    000068c0    00000040     UNINITIALIZED
                  000068c0    00000040     F2802x_GlobalVariableDefs.obj (EPwm4RegsFile)

ECap1RegsFile 
*          1    00006a00    00000020     UNINITIALIZED
                  00006a00    00000020     F2802x_GlobalVariableDefs.obj (ECap1RegsFile)

GpioCtrlRegsFile 
*          1    00006f80    00000040     UNINITIALIZED
                  00006f80    00000040     F2802x_GlobalVariableDefs.obj (GpioCtrlRegsFile)

GpioDataRegsFile 
*          1    00006fc0    00000020     UNINITIALIZED
                  00006fc0    00000020     F2802x_GlobalVariableDefs.obj (GpioDataRegsFile)

GpioIntRegsFile 
*          1    00006fe0    0000000a     UNINITIALIZED
                  00006fe0    0000000a     F2802x_GlobalVariableDefs.obj (GpioIntRegsFile)

SysCtrlRegsFile 
*          1    00007010    0000001f     UNINITIALIZED
                  00007010    0000001f     F2802x_GlobalVariableDefs.obj (SysCtrlRegsFile)

SpiaRegsFile 
*          1    00007040    00000010     UNINITIALIZED
                  00007040    00000010     F2802x_GlobalVariableDefs.obj (SpiaRegsFile)

SciaRegsFile 
*          1    00007050    00000010     UNINITIALIZED
                  00007050    00000010     F2802x_GlobalVariableDefs.obj (SciaRegsFile)

NmiIntruptRegsFile 
*          1    00007060    00000010     UNINITIALIZED
                  00007060    00000010     F2802x_GlobalVariableDefs.obj (NmiIntruptRegsFile)

XIntruptRegsFile 
*          1    00007070    00000010     UNINITIALIZED
                  00007070    00000010     F2802x_GlobalVariableDefs.obj (XIntruptRegsFile)

AdcRegsFile 
*          1    00007100    00000051     UNINITIALIZED
                  00007100    00000051     F2802x_GlobalVariableDefs.obj (AdcRegsFile)

I2caRegsFile 
*          1    00007900    00000022     UNINITIALIZED
                  00007900    00000022     F2802x_GlobalVariableDefs.obj (I2caRegsFile)

PartIdRegsFile 
*          1    003d7fff    00000001     UNINITIALIZED
                  003d7fff    00000001     F2802x_GlobalVariableDefs.obj (PartIdRegsFile)

CsmPwlFile 
*          1    003f7ff8    00000008     UNINITIALIZED
                  003f7ff8    00000008     F2802x_GlobalVariableDefs.obj (CsmPwlFile)

.text      0    003f001f    00000e72     
                  003f001f    00000287     Openloop_voltage_control.obj (.text)
                  003f02a6    0000022e     f2802x_adc.obj (.text)
                  003f04d4    0000013a     f2802x_sysctrl.obj (.text)
                  003f060e    000000ff     f2802x_defaultisr.obj (.text:retain)
                  003f070d    000000d1     rts2800_ml.lib : e_fmodf.c.obj (.text)
                  003f07de    0000008e     ert_main.obj (.text)
                  003f086c    0000008c     rt_nonfinite.obj (.text)
                  003f08f8    00000083     MW_c28xx_adc.obj (.text)
                  003f097b    00000083     rts2800_ml.lib : fs_div28.asm.obj (.text)
                  003f09fe    00000078                    : fs_add28.asm.obj (.text)
                  003f0a76    00000073     f2802x_cputimers.obj (.text)
                  003f0ae9    0000006a     rts2800_ml.lib : s_floorf.c.obj (.text)
                  003f0b53    0000005a                    : fs_mpy28.asm.obj (.text)
                  003f0bad    00000054                    : boot28.asm.obj (.text)
                  003f0c01    0000004f     c2802xSchedulerTimer0.obj (.text)
                  003f0c50    0000003e     rtGetInf.obj (.text)
                  003f0c8e    0000003c     MW_c28xx_board.obj (.text)
                  003f0cca    0000002b     c2802xSchedulerTimer0.obj (.text:retain)
                  003f0cf5    00000029     rts2800_ml.lib : exit.c.obj (.text)
                  003f0d1e    00000029                    : fs_tol28.asm.obj (.text)
                  003f0d47    00000028     f2802x_piectrl.obj (.text)
                  003f0d6f    00000027     rtGetNaN.obj (.text)
                  003f0d96    00000026     f2802x_pievect.obj (.text)
                  003f0dbc    00000024     rts2800_ml.lib : cpy_tbl.c.obj (.text)
                  003f0de0    0000001d                    : fs_tou28.asm.obj (.text)
                  003f0dfd    0000001d                    : memcpy.c.obj (.text)
                  003f0e1a    00000019                    : args_main.c.obj (.text)
                  003f0e33    00000017                    : fs_cmp28.asm.obj (.text)
                  003f0e4a    00000011     MW_c28xGlobalInterrupts.obj (.text)
                  003f0e5b    0000000f     c2802xBoard_Realtime_Support.obj (.text)
                  003f0e6a    0000000e     MW_c28xx_pwm.obj (.text)
                  003f0e78    00000009     rts2800_ml.lib : _lock.c.obj (.text)
                  003f0e81    00000008     f2802x_codestartbranch.obj (.text)
                  003f0e89    00000005     rts2800_ml.lib : fs_neg28.asm.obj (.text)
                  003f0e8e    00000002                    : pre_init.c.obj (.text)
                  003f0e90    00000001                    : startup.c.obj (.text)

.bss       0    00008000    00000000     UNINITIALIZED

.ebss      0    00008000    0000005c     UNINITIALIZED
                  00008000    00000018     f2802x_cputimers.obj (.ebss)
                  00008018    00000014     Openloop_voltage_control_data.obj (.ebss)
                  0000802c    00000011     Openloop_voltage_control.obj (.ebss)
                  0000803d    00000003     ert_main.obj (.ebss)
                  00008040    0000000c     rt_nonfinite.obj (.ebss)
                  0000804c    00000006     rts2800_ml.lib : exit.c.obj (.ebss)
                  00008052    00000002                    : _lock.c.obj (.ebss:__lock)
                  00008054    00000002                    : _lock.c.obj (.ebss:__unlock)
                  00008056    00000002     ert_main.obj (.ebss:_isRateRunning)
                  00008058    00000002     ert_main.obj (.ebss:_need2runFlags)
                  0000805a    00000001     MW_c28xGPIO.obj (.ebss)
                  0000805b    00000001     MW_c28xGlobalInterrupts.obj (.ebss)

.cinit     0    003f0f9e    00000046     
                  003f0f9e    00000016     Openloop_voltage_control_data.obj (.cinit)
                  003f0fb4    0000000e     rts2800_ml.lib : exit.c.obj (.cinit)
                  003f0fc2    00000005                    : _lock.c.obj (.cinit:__lock)
                  003f0fc7    00000005                    : _lock.c.obj (.cinit:__unlock)
                  003f0fcc    00000005     ert_main.obj (.cinit:_isRateRunning)
                  003f0fd1    00000005     ert_main.obj (.cinit:_need2runFlags)
                  003f0fd6    00000004     MW_c28xGPIO.obj (.cinit)
                  003f0fda    00000004     Openloop_voltage_control.obj (.cinit)
                  003f0fde    00000004     ert_main.obj (.cinit)
                  003f0fe2    00000002     --HOLE-- [fill = 0]

.pinit     0    003f0000    00000000     UNINITIALIZED

.econst    0    003f0e92    0000010c     
                  003f0e92    00000100     f2802x_pievect.obj (.econst:_PieVectTableInit)
                  003f0f92    00000004     rts2800_ml.lib : e_fmodf.c.obj (.econst:_Zero)
                  003f0f96    00000002     Openloop_voltage_control.obj (.econst)
                  003f0f98    00000002     rtGetNaN.obj (.econst:_$P$T0$1)
                  003f0f9a    00000002     rts2800_ml.lib : e_fmodf.c.obj (.econst)
                  003f0f9c    00000002                    : s_floorf.c.obj (.econst)

.reset     0    003fffc0    00000002     DSECT
                  003fffc0    00000002     rts2800_ml.lib : boot28.asm.obj (.reset)

.data      0    00008000    00000000     UNINITIALIZED

.stack     1    00000002    00000200     UNINITIALIZED
                  00000002    00000200     --HOLE--

codestart 
*          0    003f7ff6    00000002     
                  003f7ff6    00000002     f2802x_codestartbranch.obj (codestart)

ramfuncs   0    003f0000    0000001f     RUN ADDR = 0000805c
                  003f0000    0000001b     f2802x_sysctrl.obj (ramfuncs)
                  003f001b    00000004     f2802x_usdelay.obj (ramfuncs)

MODULE SUMMARY

       Module                              code   initialized data   uninitialized data
       ------                              ----   ----------------   ------------------
    <current directory>
       F2802x_GlobalVariableDefs.obj       0      0                  1022              
       Openloop_voltage_control.obj        647    6                  17                
       f2802x_adc.obj                      558    0                  0                 
       f2802x_sysctrl.obj                  368    0                  0                 
       f2802x_pievect.obj                  38     256                0                 
       f2802x_defaultisr.obj               255    0                  0                 
       ert_main.obj                        142    14                 7                 
       rt_nonfinite.obj                    140    0                  12                
       f2802x_cputimers.obj                115    0                  24                
       MW_c28xx_adc.obj                    131    0                  0                 
       c2802xSchedulerTimer0.obj           122    0                  0                 
       rtGetInf.obj                        62     0                  0                 
       MW_c28xx_board.obj                  60     0                  0                 
       Openloop_voltage_control_data.obj   0      22                 20                
       rtGetNaN.obj                        39     2                  0                 
       f2802x_piectrl.obj                  40     0                  0                 
       MW_c28xGlobalInterrupts.obj         17     0                  1                 
       c2802xBoard_Realtime_Support.obj    15     0                  0                 
       MW_c28xx_pwm.obj                    14     0                  0                 
       f2802x_codestartbranch.obj          10     0                  0                 
       f2802x_usdelay.obj                  8      0                  0                 
       MW_c28xGPIO.obj                     0      4                  1                 
    +--+-----------------------------------+------+------------------+--------------------+
       Total:                              2781   304                1104              
                                                                                       
    C:/PROGRA~3/MATLAB/SUPPOR~1/R2020b/3P778C~1.INS/TIC200~1.INS/TI-CGT~1.LTS/lib/rts2800_ml.lib
       e_fmodf.c.obj                       209    6                  0                 
       fs_div28.asm.obj                    131    0                  0                 
       fs_add28.asm.obj                    120    0                  0                 
       s_floorf.c.obj                      106    2                  0                 
       fs_mpy28.asm.obj                    90     0                  0                 
       boot28.asm.obj                      84     0                  0                 
       exit.c.obj                          41     14                 6                 
       fs_tol28.asm.obj                    41     0                  0                 
       cpy_tbl.c.obj                       36     0                  0                 
       fs_tou28.asm.obj                    29     0                  0                 
       memcpy.c.obj                        29     0                  0                 
       args_main.c.obj                     25     0                  0                 
       _lock.c.obj                         9      10                 4                 
       fs_cmp28.asm.obj                    23     0                  0                 
       fs_neg28.asm.obj                    5      0                  0                 
       pre_init.c.obj                      2      0                  0                 
       startup.c.obj                       1      0                  0                 
    +--+-----------------------------------+------+------------------+--------------------+
       Total:                              981    32                 10                
                                                                                       
       Stack:                              0      0                  512               
    +--+-----------------------------------+------+------------------+--------------------+
       Grand Total:                        3762   336                1626              


GLOBAL DATA SYMBOLS: SORTED BY DATA PAGE

address     data page           name
--------    ----------------    ----
00000002       0 (00000000)     __stack

00000880      22 (00000880)     _DevEmuRegs

00000985      26 (00000980)     _SysPwrCtrlRegs

00000a80      2a (00000a80)     _FlashRegs

00000ae0      2b (00000ac0)     _CsmRegs

00000b00      2c (00000b00)     _AdcResult

00000c00      30 (00000c00)     _CpuTimer0Regs
00000c08      30 (00000c00)     _CpuTimer1Regs
00000c10      30 (00000c00)     _CpuTimer2Regs

00000ce0      33 (00000cc0)     _PieCtrlRegs

00000d00      34 (00000d00)     _EmuKey
00000d00      34 (00000d00)     _PieVectTable
00000d01      34 (00000d00)     _EmuBMode
00000d02      34 (00000d00)     _Flash_CallbackPtr
00000d04      34 (00000d00)     _Flash_CPUScaleFactor

00006400     190 (00006400)     _Comp1Regs
00006420     190 (00006400)     _Comp2Regs

00006800     1a0 (00006800)     _EPwm1Regs

00006840     1a1 (00006840)     _EPwm2Regs

00006880     1a2 (00006880)     _EPwm3Regs

000068c0     1a3 (000068c0)     _EPwm4Regs

00006a00     1a8 (00006a00)     _ECap1Regs

00006f80     1be (00006f80)     _GpioCtrlRegs

00006fc0     1bf (00006fc0)     _GpioDataRegs
00006fe0     1bf (00006fc0)     _GpioIntRegs

00007010     1c0 (00007000)     _SysCtrlRegs

00007040     1c1 (00007040)     _SpiaRegs
00007050     1c1 (00007040)     _SciaRegs
00007060     1c1 (00007040)     _NmiIntruptRegs
00007070     1c1 (00007040)     _XIntruptRegs

00007100     1c4 (00007100)     _AdcRegs

00007900     1e4 (00007900)     _I2caRegs

00008000     200 (00008000)     _CpuTimer0
00008008     200 (00008000)     _CpuTimer1
00008010     200 (00008000)     _CpuTimer2
00008018     200 (00008000)     _Openloop_voltage_control_P
0000802c     200 (00008000)     _Openloop_voltage_control_DW
0000802d     200 (00008000)     _MW_adcInitFlag
0000802e     200 (00008000)     _Openloop_voltage_contro_PrevZCX
00008034     200 (00008000)     _Openloop_voltage_control_B
0000803d     200 (00008000)     _IsrOverrun
0000803e     200 (00008000)     _stopRequested
0000803f     200 (00008000)     _runModel

00008040     201 (00008040)     _rtInf
00008042     201 (00008040)     _rtMinusInf
00008044     201 (00008040)     _rtNaN
00008046     201 (00008040)     _rtInfF
00008048     201 (00008040)     _rtMinusInfF
0000804a     201 (00008040)     _rtNaNF
0000804c     201 (00008040)     ___TI_enable_exit_profile_output
0000804e     201 (00008040)     ___TI_cleanup_ptr
00008050     201 (00008040)     ___TI_dtors_ptr
00008052     201 (00008040)     __lock
00008054     201 (00008040)     __unlock
00008056     201 (00008040)     _isRateRunning
00008058     201 (00008040)     _need2runFlags
0000805a     201 (00008040)     _GPIO_oneTimeInit
0000805b     201 (00008040)     _MW_InterruptDisableLock

003d7fff    f5ff (003d7fc0)     _PartIdRegs

003f0e92    fc3a (003f0e80)     _PieVectTableInit

003f0f96    fc3e (003f0f80)     _Openloop_voltage_control_M

003f7ff8    fdff (003f7fc0)     _CsmPwl


GLOBAL SYMBOLS: SORTED ALPHABETICALLY BY Name 

page  address   name                                              
----  -------   ----                                              
0     00008000  .bss                                              
0     00008000  .data                                             
0     003f001f  .text                                             
0     003f0cf5  C$$EXIT                                           
0     003f0a03  FS$$ADD                                           
0     003f0e33  FS$$CMP                                           
0     003f097b  FS$$DIV                                           
0     003f0b53  FS$$MPY                                           
0     003f0e89  FS$$NEG                                           
0     003f09fe  FS$$SUB                                           
0     003f0d1e  FS$$TOL                                           
0     003f0de0  FS$$TOU                                           
0     003f066d  _ADCINT1_ISR                                      
0     003f0672  _ADCINT2_ISR                                      
0     003f06db  _ADCINT3_ISR                                      
0     003f06e0  _ADCINT4_ISR                                      
0     003f06e5  _ADCINT5_ISR                                      
0     003f06ea  _ADCINT6_ISR                                      
0     003f06ef  _ADCINT7_ISR                                      
0     003f06f4  _ADCINT8_ISR                                      
0     003f0681  _ADCINT9_ISR                                      
0     003f030e  _AdcChanSelect                                    
0     003f0383  _AdcConversion                                    
0     003f02e7  _AdcOffsetSelfCal                                 
1     00007100  _AdcRegs                                          
1     00000b00  _AdcResult                                        
1     00006400  _Comp1Regs                                        
1     00006420  _Comp2Regs                                        
0     003f0ab7  _ConfigCpuTimer                                   
0     00008000  _CpuTimer0                                        
1     00000c00  _CpuTimer0Regs                                    
0     00008008  _CpuTimer1                                        
1     00000c08  _CpuTimer1Regs                                    
0     00008010  _CpuTimer2                                        
1     00000c10  _CpuTimer2Regs                                    
1     003f7ff8  _CsmPwl                                           
1     00000ae0  _CsmRegs                                          
0     003f0587  _CsmUnlock                                        
0     003f0618  _DATALOG_ISR                                      
0     00008077  _DSP28x_usDelay                                   
1     00000880  _DevEmuRegs                                       
0     003f04f8  _DisableDog                                       
0     003f06b8  _ECAP1_INT_ISR                                    
1     00006a00  _ECap1Regs                                        
0     003f06fe  _EMPTY_ISR                                        
0     003f0622  _EMUINT_ISR                                       
0     003f06a4  _EPWM1_INT_ISR                                    
0     003f0690  _EPWM1_TZINT_ISR                                  
0     003f06a9  _EPWM2_INT_ISR                                    
0     003f0695  _EPWM2_TZINT_ISR                                  
0     003f06ae  _EPWM3_INT_ISR                                    
0     003f069a  _EPWM3_TZINT_ISR                                  
0     003f06b3  _EPWM4_INT_ISR                                    
0     003f069f  _EPWM4_TZINT_ISR                                  
1     00006800  _EPwm1Regs                                        
1     00006840  _EPwm2Regs                                        
1     00006880  _EPwm3Regs                                        
1     000068c0  _EPwm4Regs                                        
1     00000d01  _EmuBMode                                         
1     00000d00  _EmuKey                                           
0     003f0d66  _EnableInterrupts                                 
0     003f05f8  _ExtOscSel                                        
1     00000a80  _FlashRegs                                        
1     00000d04  _Flash_CPUScaleFactor                             
1     00000d02  _Flash_CallbackPtr                                
0     0000805a  _GPIO_oneTimeInit                                 
1     00006f80  _GpioCtrlRegs                                     
1     00006fc0  _GpioDataRegs                                     
1     00006fe0  _GpioIntRegs                                      
0     003f06c7  _I2CINT1A_ISR                                     
0     003f06cc  _I2CINT2A_ISR                                     
1     00007900  _I2caRegs                                         
0     003f062c  _ILLEGAL_ISR                                      
0     003f060e  _INT13_ISR                                        
0     003f0613  _INT14_ISR                                        
0     003f02a6  _InitAdc                                          
0     003f02c5  _InitAdcAio                                       
0     003f0a76  _InitCpuTimers                                    
0     0000805c  _InitFlash                                        
0     003f0555  _InitPeripheralClocks                             
0     003f0d47  _InitPieCtrl                                      
0     003f0d96  _InitPieVectTable                                 
0     003f0500  _InitPll                                          
0     003f04d4  _InitSysCtrl                                      
0     003f05b8  _IntOsc1Sel                                       
0     003f05c8  _IntOsc2Sel                                       
0     0000803d  _IsrOverrun                                       
0     0000805b  _MW_InterruptDisableLock                          
0     0000802d  _MW_adcInitFlag                                   
0     003f0627  _NMI_ISR                                          
1     00007060  _NmiIntruptRegs                                   
0     0000802e  _Openloop_voltage_contro_PrevZCX                  
0     00008034  _Openloop_voltage_control_B                       
0     0000802c  _Openloop_voltage_control_DW                      
0     003f0f96  _Openloop_voltage_control_M                       
0     00008018  _Openloop_voltage_control_P                       
0     003f001f  _Openloop_voltage_control_SetEventsForThisBaseStep
0     003f019d  _Openloop_voltage_control_initialize              
0     003f0038  _Openloop_voltage_control_step0                   
0     003f0196  _Openloop_voltage_control_step1                   
0     003f02a5  _Openloop_voltage_control_terminate               
0     003f0703  _PIE_RESERVED                                     
1     003d7fff  _PartIdRegs                                       
1     00000ce0  _PieCtrlRegs                                      
1     00000d00  _PieVectTable                                     
0     003f0e92  _PieVectTableInit                                 
0     003f061d  _RTOSINT_ISR                                      
0     003f001f  _RamfuncsLoadEnd                                  
0     003f0000  _RamfuncsLoadStart                                
0     0000805c  _RamfuncsRunStart                                 
0     003f06d1  _SCIRXINTA_ISR                                    
0     003f06d6  _SCITXINTA_ISR                                    
0     003f06bd  _SPIRXINTA_ISR                                    
0     003f06c2  _SPITXINTA_ISR                                    
1     00007050  _SciaRegs                                         
0     003f04ee  _ServiceDog                                       
1     00007040  _SpiaRegs                                         
1     00007010  _SysCtrlRegs                                      
1     00000985  _SysPwrCtrlRegs                                   
0     003f0686  _TINT0_ISR                                        
0     003f0cca  _TINT0_isr                                        
0     003f065e  _USER10_ISR                                       
0     003f0663  _USER11_ISR                                       
0     003f0668  _USER12_ISR                                       
0     003f0631  _USER1_ISR                                        
0     003f0636  _USER2_ISR                                        
0     003f063b  _USER3_ISR                                        
0     003f0640  _USER4_ISR                                        
0     003f0645  _USER5_ISR                                        
0     003f064a  _USER6_ISR                                        
0     003f064f  _USER7_ISR                                        
0     003f0654  _USER8_ISR                                        
0     003f0659  _USER9_ISR                                        
0     003f068b  _WAKEINT_ISR                                      
0     003f0677  _XINT1_ISR                                        
0     003f067c  _XINT2_ISR                                        
0     003f06f9  _XINT3_ISR                                        
1     00007070  _XIntruptRegs                                     
0     003f05dc  _XtalOscSel                                       
1     00000202  __STACK_END                                       
abs   00000200  __STACK_SIZE                                      
0     0000804e  ___TI_cleanup_ptr                                 
0     00008050  ___TI_dtors_ptr                                   
0     0000804c  ___TI_enable_exit_profile_output                  
abs   ffffffff  ___TI_pprof_out_hndl                              
abs   ffffffff  ___TI_prof_data_size                              
abs   ffffffff  ___TI_prof_data_start                             
abs   ffffffff  ___binit__                                        
0     00008000  ___bss__                                          
abs   ffffffff  ___c_args__                                       
0     003f0f9e  ___cinit__                                        
0     00008000  ___data__                                         
0     00008000  ___edata__                                        
0     00008000  ___end__                                          
0     003f0e91  ___etext__                                        
abs   ffffffff  ___pinit__                                        
0     003f001f  ___text__                                         
0     003f0e1a  __args_main                                       
0     00008052  __lock                                            
0     003f0e80  __nop                                             
0     003f0e7c  __register_lock                                   
0     003f0e78  __register_unlock                                 
1     00000002  __stack                                           
0     003f0e90  __system_post_cinit                               
0     003f0e8e  __system_pre_init                                 
0     00008054  __unlock                                          
0     003f0cf5  _abort                                            
0     003f0e5b  _c2000_flash_init                                 
0     003f0bad  _c_int00                                          
0     003f0923  _config_ADC_SOC0                                  
0     003f08f8  _config_ADC_SOC2                                  
0     003f094f  _config_ADC_SOC8                                  
0     003f0e6a  _config_ePWM_GPIO                                 
0     003f0c01  _configureTimer0                                  
0     003f0dbc  _copy_in                                          
0     003f0c2f  _disableTimer0Interrupt                           
0     003f0c27  _enableTimer0Interrupt                            
0     003f0cf7  _exit                                             
0     003f0ae9  _floor                                            
0     003f0ae9  _floorf                                           
0     003f070d  _fmod                                             
0     003f070d  _fmodf                                            
0     003f0e52  _globalInterruptDisable                           
0     003f0e4a  _globalInterruptEnable                            
0     003f0c8e  _init_board                                       
0     00008056  _isRateRunning                                    
0     003f0823  _main                                             
0     003f0dfd  _memcpy                                           
0     00008058  _need2runFlags                                    
0     003f0c45  _restoreTimer0Interrupt                           
0     003f0708  _rsvd_ISR                                         
0     003f0c50  _rtGetInf                                         
0     003f0c67  _rtGetInfF                                        
0     003f0c6f  _rtGetMinusInf                                    
0     003f0c86  _rtGetMinusInfF                                   
0     003f0d6f  _rtGetNaN                                         
0     003f0d86  _rtGetNaNF                                        
0     00008040  _rtInf                                            
0     00008046  _rtInfF                                           
0     003f088e  _rtIsInf                                          
0     003f08a7  _rtIsInfF                                         
0     003f08c0  _rtIsNaN                                          
0     003f08e3  _rtIsNaNF                                         
0     00008042  _rtMinusInf                                       
0     00008048  _rtMinusInfF                                      
0     00008044  _rtNaN                                            
0     0000804a  _rtNaNF                                           
0     003f086c  _rt_InitInfAndNaN                                 
0     003f07de  _rt_OneStep                                       
0     0000803f  _runModel                                         
0     0000803e  _stopRequested                                    
abs   ffffffff  binit                                             
0     003f0f9e  cinit                                             
0     003f7ff6  code_start                                        
0     00008000  edata                                             
0     00008000  end                                               
0     003f0e91  etext                                             
abs   ffffffff  pinit                                             


GLOBAL SYMBOLS: SORTED BY Symbol Address 

page  address   name                                              
----  -------   ----                                              
0     00008000  .bss                                              
0     00008000  .data                                             
0     00008000  _CpuTimer0                                        
0     00008000  ___bss__                                          
0     00008000  ___data__                                         
0     00008000  ___edata__                                        
0     00008000  ___end__                                          
0     00008000  edata                                             
0     00008000  end                                               
0     00008008  _CpuTimer1                                        
0     00008010  _CpuTimer2                                        
0     00008018  _Openloop_voltage_control_P                       
0     0000802c  _Openloop_voltage_control_DW                      
0     0000802d  _MW_adcInitFlag                                   
0     0000802e  _Openloop_voltage_contro_PrevZCX                  
0     00008034  _Openloop_voltage_control_B                       
0     0000803d  _IsrOverrun                                       
0     0000803e  _stopRequested                                    
0     0000803f  _runModel                                         
0     00008040  _rtInf                                            
0     00008042  _rtMinusInf                                       
0     00008044  _rtNaN                                            
0     00008046  _rtInfF                                           
0     00008048  _rtMinusInfF                                      
0     0000804a  _rtNaNF                                           
0     0000804c  ___TI_enable_exit_profile_output                  
0     0000804e  ___TI_cleanup_ptr                                 
0     00008050  ___TI_dtors_ptr                                   
0     00008052  __lock                                            
0     00008054  __unlock                                          
0     00008056  _isRateRunning                                    
0     00008058  _need2runFlags                                    
0     0000805a  _GPIO_oneTimeInit                                 
0     0000805b  _MW_InterruptDisableLock                          
0     0000805c  _InitFlash                                        
0     0000805c  _RamfuncsRunStart                                 
0     00008077  _DSP28x_usDelay                                   
0     003f0000  _RamfuncsLoadStart                                
0     003f001f  .text                                             
0     003f001f  _Openloop_voltage_control_SetEventsForThisBaseStep
0     003f001f  _RamfuncsLoadEnd                                  
0     003f001f  ___text__                                         
0     003f0038  _Openloop_voltage_control_step0                   
0     003f0196  _Openloop_voltage_control_step1                   
0     003f019d  _Openloop_voltage_control_initialize              
0     003f02a5  _Openloop_voltage_control_terminate               
0     003f02a6  _InitAdc                                          
0     003f02c5  _InitAdcAio                                       
0     003f02e7  _AdcOffsetSelfCal                                 
0     003f030e  _AdcChanSelect                                    
0     003f0383  _AdcConversion                                    
0     003f04d4  _InitSysCtrl                                      
0     003f04ee  _ServiceDog                                       
0     003f04f8  _DisableDog                                       
0     003f0500  _InitPll                                          
0     003f0555  _InitPeripheralClocks                             
0     003f0587  _CsmUnlock                                        
0     003f05b8  _IntOsc1Sel                                       
0     003f05c8  _IntOsc2Sel                                       
0     003f05dc  _XtalOscSel                                       
0     003f05f8  _ExtOscSel                                        
0     003f060e  _INT13_ISR                                        
0     003f0613  _INT14_ISR                                        
0     003f0618  _DATALOG_ISR                                      
0     003f061d  _RTOSINT_ISR                                      
0     003f0622  _EMUINT_ISR                                       
0     003f0627  _NMI_ISR                                          
0     003f062c  _ILLEGAL_ISR                                      
0     003f0631  _USER1_ISR                                        
0     003f0636  _USER2_ISR                                        
0     003f063b  _USER3_ISR                                        
0     003f0640  _USER4_ISR                                        
0     003f0645  _USER5_ISR                                        
0     003f064a  _USER6_ISR                                        
0     003f064f  _USER7_ISR                                        
0     003f0654  _USER8_ISR                                        
0     003f0659  _USER9_ISR                                        
0     003f065e  _USER10_ISR                                       
0     003f0663  _USER11_ISR                                       
0     003f0668  _USER12_ISR                                       
0     003f066d  _ADCINT1_ISR                                      
0     003f0672  _ADCINT2_ISR                                      
0     003f0677  _XINT1_ISR                                        
0     003f067c  _XINT2_ISR                                        
0     003f0681  _ADCINT9_ISR                                      
0     003f0686  _TINT0_ISR                                        
0     003f068b  _WAKEINT_ISR                                      
0     003f0690  _EPWM1_TZINT_ISR                                  
0     003f0695  _EPWM2_TZINT_ISR                                  
0     003f069a  _EPWM3_TZINT_ISR                                  
0     003f069f  _EPWM4_TZINT_ISR                                  
0     003f06a4  _EPWM1_INT_ISR                                    
0     003f06a9  _EPWM2_INT_ISR                                    
0     003f06ae  _EPWM3_INT_ISR                                    
0     003f06b3  _EPWM4_INT_ISR                                    
0     003f06b8  _ECAP1_INT_ISR                                    
0     003f06bd  _SPIRXINTA_ISR                                    
0     003f06c2  _SPITXINTA_ISR                                    
0     003f06c7  _I2CINT1A_ISR                                     
0     003f06cc  _I2CINT2A_ISR                                     
0     003f06d1  _SCIRXINTA_ISR                                    
0     003f06d6  _SCITXINTA_ISR                                    
0     003f06db  _ADCINT3_ISR                                      
0     003f06e0  _ADCINT4_ISR                                      
0     003f06e5  _ADCINT5_ISR                                      
0     003f06ea  _ADCINT6_ISR                                      
0     003f06ef  _ADCINT7_ISR                                      
0     003f06f4  _ADCINT8_ISR                                      
0     003f06f9  _XINT3_ISR                                        
0     003f06fe  _EMPTY_ISR                                        
0     003f0703  _PIE_RESERVED                                     
0     003f0708  _rsvd_ISR                                         
0     003f070d  _fmod                                             
0     003f070d  _fmodf                                            
0     003f07de  _rt_OneStep                                       
0     003f0823  _main                                             
0     003f086c  _rt_InitInfAndNaN                                 
0     003f088e  _rtIsInf                                          
0     003f08a7  _rtIsInfF                                         
0     003f08c0  _rtIsNaN                                          
0     003f08e3  _rtIsNaNF                                         
0     003f08f8  _config_ADC_SOC2                                  
0     003f0923  _config_ADC_SOC0                                  
0     003f094f  _config_ADC_SOC8                                  
0     003f097b  FS$$DIV                                           
0     003f09fe  FS$$SUB                                           
0     003f0a03  FS$$ADD                                           
0     003f0a76  _InitCpuTimers                                    
0     003f0ab7  _ConfigCpuTimer                                   
0     003f0ae9  _floor                                            
0     003f0ae9  _floorf                                           
0     003f0b53  FS$$MPY                                           
0     003f0bad  _c_int00                                          
0     003f0c01  _configureTimer0                                  
0     003f0c27  _enableTimer0Interrupt                            
0     003f0c2f  _disableTimer0Interrupt                           
0     003f0c45  _restoreTimer0Interrupt                           
0     003f0c50  _rtGetInf                                         
0     003f0c67  _rtGetInfF                                        
0     003f0c6f  _rtGetMinusInf                                    
0     003f0c86  _rtGetMinusInfF                                   
0     003f0c8e  _init_board                                       
0     003f0cca  _TINT0_isr                                        
0     003f0cf5  C$$EXIT                                           
0     003f0cf5  _abort                                            
0     003f0cf7  _exit                                             
0     003f0d1e  FS$$TOL                                           
0     003f0d47  _InitPieCtrl                                      
0     003f0d66  _EnableInterrupts                                 
0     003f0d6f  _rtGetNaN                                         
0     003f0d86  _rtGetNaNF                                        
0     003f0d96  _InitPieVectTable                                 
0     003f0dbc  _copy_in                                          
0     003f0de0  FS$$TOU                                           
0     003f0dfd  _memcpy                                           
0     003f0e1a  __args_main                                       
0     003f0e33  FS$$CMP                                           
0     003f0e4a  _globalInterruptEnable                            
0     003f0e52  _globalInterruptDisable                           
0     003f0e5b  _c2000_flash_init                                 
0     003f0e6a  _config_ePWM_GPIO                                 
0     003f0e78  __register_unlock                                 
0     003f0e7c  __register_lock                                   
0     003f0e80  __nop                                             
0     003f0e89  FS$$NEG                                           
0     003f0e8e  __system_pre_init                                 
0     003f0e90  __system_post_cinit                               
0     003f0e91  ___etext__                                        
0     003f0e91  etext                                             
0     003f0e92  _PieVectTableInit                                 
0     003f0f96  _Openloop_voltage_control_M                       
0     003f0f9e  ___cinit__                                        
0     003f0f9e  cinit                                             
0     003f7ff6  code_start                                        
1     00000002  __stack                                           
1     00000202  __STACK_END                                       
1     00000880  _DevEmuRegs                                       
1     00000985  _SysPwrCtrlRegs                                   
1     00000a80  _FlashRegs                                        
1     00000ae0  _CsmRegs                                          
1     00000b00  _AdcResult                                        
1     00000c00  _CpuTimer0Regs                                    
1     00000c08  _CpuTimer1Regs                                    
1     00000c10  _CpuTimer2Regs                                    
1     00000ce0  _PieCtrlRegs                                      
1     00000d00  _EmuKey                                           
1     00000d00  _PieVectTable                                     
1     00000d01  _EmuBMode                                         
1     00000d02  _Flash_CallbackPtr                                
1     00000d04  _Flash_CPUScaleFactor                             
1     00006400  _Comp1Regs                                        
1     00006420  _Comp2Regs                                        
1     00006800  _EPwm1Regs                                        
1     00006840  _EPwm2Regs                                        
1     00006880  _EPwm3Regs                                        
1     000068c0  _EPwm4Regs                                        
1     00006a00  _ECap1Regs                                        
1     00006f80  _GpioCtrlRegs                                     
1     00006fc0  _GpioDataRegs                                     
1     00006fe0  _GpioIntRegs                                      
1     00007010  _SysCtrlRegs                                      
1     00007040  _SpiaRegs                                         
1     00007050  _SciaRegs                                         
1     00007060  _NmiIntruptRegs                                   
1     00007070  _XIntruptRegs                                     
1     00007100  _AdcRegs                                          
1     00007900  _I2caRegs                                         
1     003d7fff  _PartIdRegs                                       
1     003f7ff8  _CsmPwl                                           
abs   00000200  __STACK_SIZE                                      
abs   ffffffff  ___TI_pprof_out_hndl                              
abs   ffffffff  ___TI_prof_data_size                              
abs   ffffffff  ___TI_prof_data_start                             
abs   ffffffff  ___binit__                                        
abs   ffffffff  ___c_args__                                       
abs   ffffffff  ___pinit__                                        
abs   ffffffff  binit                                             
abs   ffffffff  pinit                                             

[218 symbols]
